Component: ARM Compiler 5.06 update 6 (build 750) Tool: armlink [4d35ed]

==============================================================================

Section Cross References

    main.o(i.USART2_IRQHandler) refers to uart_drive.o(i.UART_ISR) for UART_ISR
    main.o(i.USART2_IRQHandler) refers to main.o(.bss) for USART_2_msg
    main.o(i.USART2_IRQHandler) refers to main.o(.data) for uart_2_mgr
    main.o(i.main) refers to systick_time.o(i.systick_init) for systick_init
    main.o(i.main) refers to uart_drive.o(i.UART_init) for UART_init
    main.o(i.main) refers to adc_drive.o(i.adc_multi_ch_init) for adc_multi_ch_init
    main.o(i.main) refers to help_func.o(i.len_str) for len_str
    main.o(i.main) refers to msg_drive.o(i.sync) for sync
    main.o(i.main) refers to uart_drive.o(i.UART_SEND) for UART_SEND
    main.o(i.main) refers to help_func.o(i.str_empty) for str_empty
    main.o(i.main) refers to timer_drive.o(i.get_time_micros) for get_time_micros
    main.o(i.main) refers to timer_drive.o(i.timer_start_micros) for timer_start_micros
    main.o(i.main) refers to adc_drive.o(i.adc_multi_ch_rx) for adc_multi_ch_rx
    main.o(i.main) refers to msg_drive.o(i.make_msg_check) for make_msg_check
    main.o(i.main) refers to main.o(.data) for adc_channels
    main.o(i.main) refers to main.o(.bss) for USART_2_msg
    adc_drive.o(i.adc_init) refers to gp_drive.o(i.init_GP) for init_GP
    adc_drive.o(i.adc_init) refers to systick_time.o(i.DelayMs) for DelayMs
    adc_drive.o(i.adc_irq) refers to adc_drive.o(i.adc_init) for adc_init
    adc_drive.o(i.adc_irq) refers to adc_drive.o(i.__NVIC_EnableIRQ) for __NVIC_EnableIRQ
    adc_drive.o(i.adc_multi_ch_init) refers to gp_drive.o(i.init_GP) for init_GP
    adc_drive.o(i.adc_multi_ch_init) refers to systick_time.o(i.DelayMs) for DelayMs
    adc_drive.o(i.adc_multi_ch_rx) refers to adc_drive.o(i.adc_check) for adc_check
    adc_drive.o(i.adc_wd) refers to adc_drive.o(i.adc_init) for adc_init
    adc_drive.o(i.adc_wd) refers to adc_drive.o(i.__NVIC_EnableIRQ) for __NVIC_EnableIRQ
    gp_drive.o(i.BLED) refers to gp_drive.o(i.W_GP) for W_GP
    gp_drive.o(i.B_init) refers to gp_drive.o(i.init_GP) for init_GP
    gp_drive.o(i.Digital_Input) refers to gp_drive.o(i.init_GP) for init_GP
    gp_drive.o(i.Digital_Output) refers to gp_drive.o(i.init_GP) for init_GP
    gp_drive.o(i.toggle_GP) refers to gp_drive.o(i.R_GP) for R_GP
    gp_drive.o(i.toggle_GP) refers to gp_drive.o(i.W_GP) for W_GP
    help_func.o(i.char2int) refers to help_func.o(i.len_str) for len_str
    help_func.o(i.char2int) refers to help_func.o(i.find_str) for find_str
    help_func.o(i.find_str) refers to help_func.o(i.len_str) for len_str
    help_func.o(i.find_strL) refers to help_func.o(i.len_str) for len_str
    help_func.o(i.find_strL) refers to help_func.o(i.find_str) for find_str
    msg_drive.o(i.InsertData) refers to help_func.o(i.int2char) for int2char
    msg_drive.o(i.InsertData) refers to help_func.o(i.len_str) for len_str
    msg_drive.o(i.InsertData) refers to help_func.o(i.str_empty) for str_empty
    msg_drive.o(i.InsertData) refers to help_func.o(i.Concatstr) for Concatstr
    msg_drive.o(i.basic_msg) refers to help_func.o(i.int2char) for int2char
    msg_drive.o(i.basic_msg) refers to uart_drive.o(i.UART_SEND) for UART_SEND
    msg_drive.o(i.basic_msg) refers to help_func.o(i.str_empty) for str_empty
    msg_drive.o(i.basic_msg) refers to uart_drive.o(i.UART_TX) for UART_TX
    msg_drive.o(i.make_msg) refers to rt_memcpy_w.o(.text) for __aeabi_memcpy4
    msg_drive.o(i.make_msg) refers to msg_drive.o(i.InsertData) for InsertData
    msg_drive.o(i.make_msg) refers to help_func.o(i.Concatstr) for Concatstr
    msg_drive.o(i.make_msg) refers to uart_drive.o(i.UART_SEND) for UART_SEND
    msg_drive.o(i.make_msg) refers to help_func.o(i.str_empty) for str_empty
    msg_drive.o(i.make_msg) refers to msg_drive.o(.constdata) for .constdata
    msg_drive.o(i.make_msg_check) refers to rt_memcpy_w.o(.text) for __aeabi_memcpy4
    msg_drive.o(i.make_msg_check) refers to msg_drive.o(i.InsertData) for InsertData
    msg_drive.o(i.make_msg_check) refers to help_func.o(i.Concatstr) for Concatstr
    msg_drive.o(i.make_msg_check) refers to uart_drive.o(i.UART_SEND) for UART_SEND
    msg_drive.o(i.make_msg_check) refers to help_func.o(i.str_empty) for str_empty
    msg_drive.o(i.make_msg_check) refers to msg_drive.o(.constdata) for .constdata
    msg_drive.o(i.sync) refers to rt_memcpy_w.o(.text) for __aeabi_memcpy4
    msg_drive.o(i.sync) refers to msg_drive.o(i.InsertData) for InsertData
    msg_drive.o(i.sync) refers to help_func.o(i.Concatstr) for Concatstr
    msg_drive.o(i.sync) refers to uart_drive.o(i.UART_SEND) for UART_SEND
    msg_drive.o(i.sync) refers to help_func.o(i.str_empty) for str_empty
    msg_drive.o(i.sync) refers to msg_drive.o(.constdata) for .constdata
    systick_time.o(i.DelayMs) refers to systick_time.o(i.DelayMillis) for DelayMillis
    systick_time.o(i.DelayUs) refers to systick_time.o(i.Delaymicro) for Delaymicro
    systick_time.o(i.systick_int) refers to systick_time.o(i.systick_init) for systick_init
    uart_drive.o(i.UART_ISR) refers to uart_drive.o(i.UART_RX) for UART_RX
    uart_drive.o(i.UART_ISR) refers to systick_time.o(i.systick_int_start) for systick_int_start
    uart_drive.o(i.UART_ISR) refers to uart_drive.o(i.UART_TX) for UART_TX
    uart_drive.o(i.UART_SEND) refers to uart_drive.o(i.UART_TX) for UART_TX
    uart_drive.o(i.UART_init) refers to uart_drive.o(i.USART_BRR) for USART_BRR
    uart_drive.o(i.UART_init) refers to gp_drive.o(i.init_GP) for init_GP
    uart_drive.o(i.UART_init) refers to uart_drive.o(i.__NVIC_EnableIRQ) for __NVIC_EnableIRQ
    uart_drive.o(i.UART_msg) refers to uart_drive.o(i.UART_SEND) for UART_SEND
    uart_drive.o(i.USART_BRR) refers to dflt_clz.o(x$fpl$dfltu) for __aeabi_ui2d
    uart_drive.o(i.USART_BRR) refers to ddiv.o(x$fpl$ddiv) for __aeabi_ddiv
    uart_drive.o(i.USART_BRR) refers to daddsub_clz.o(x$fpl$dsub) for __aeabi_dsub
    uart_drive.o(i.USART_BRR) refers to dmul.o(x$fpl$dmul) for __aeabi_dmul
    uart_drive.o(i.USART_BRR) refers to dfixu.o(x$fpl$dfixu) for __aeabi_d2uiz
    uart_drive.o(i.USART_BRR) refers to daddsub_clz.o(x$fpl$drsb) for __aeabi_drsub
    uart_drive.o(i.USART_BRR) refers to drleqf.o(x$fpl$drleqf) for __aeabi_cdrcmple
    timer_drive.o(i.TDelay_Micro) refers to timer_drive.o(i.TDelay_Micros) for TDelay_Micros
    timer_drive.o(i.TDelay_Micros) refers to timer_drive.o(i.timer_start_micros) for timer_start_micros
    timer_drive.o(i.TDelay_Milli) refers to timer_drive.o(i.TDelay_Millis) for TDelay_Millis
    timer_drive.o(i.TDelay_Millis) refers to timer_drive.o(i.TDelay_Micros) for TDelay_Micros
    timer_drive.o(i.esc_speed) refers to timer_drive.o(i.timer_pwm_micro) for timer_pwm_micro
    timer_drive.o(i.get_time_micros) refers to timer_drive.o(i.get_timer) for get_timer
    timer_drive.o(i.get_time_millis) refers to timer_drive.o(i.get_time_micros) for get_time_micros
    timer_drive.o(i.servo_180_deg) refers to timer_drive.o(i.timer_pwm_micro) for timer_pwm_micro
    timer_drive.o(i.servo_speed_CCD) refers to timer_drive.o(i.timer_pwm_micro) for timer_pwm_micro
    timer_drive.o(i.servo_speed_CD) refers to timer_drive.o(i.timer_pwm_micro) for timer_pwm_micro
    timer_drive.o(i.sr04_get_value) refers to timer_drive.o(i.timer_get_capture_micro) for timer_get_capture_micro
    timer_drive.o(i.sr04_init) refers to timer_drive.o(i.timer_pwm_micro) for timer_pwm_micro
    timer_drive.o(i.sr04_init) refers to timer_drive.o(i.timer_capture_micro) for timer_capture_micro
    timer_drive.o(i.timer_capture_micro) refers to timer_drive.o(i.get_timer_address) for get_timer_address
    timer_drive.o(i.timer_capture_micro) refers to timer_drive.o(i.get_timer_pin) for get_timer_pin
    timer_drive.o(i.timer_capture_micro) refers to timer_drive.o(i.get_channel) for get_channel
    timer_drive.o(i.timer_capture_micro) refers to gp_drive.o(i.init_GP) for init_GP
    timer_drive.o(i.timer_capture_milli) refers to timer_drive.o(i.get_timer_address) for get_timer_address
    timer_drive.o(i.timer_capture_milli) refers to timer_drive.o(i.get_timer_pin) for get_timer_pin
    timer_drive.o(i.timer_capture_milli) refers to timer_drive.o(i.get_channel) for get_channel
    timer_drive.o(i.timer_capture_milli) refers to gp_drive.o(i.init_GP) for init_GP
    timer_drive.o(i.timer_channel_stop) refers to timer_drive.o(i.get_timer_address) for get_timer_address
    timer_drive.o(i.timer_channel_stop) refers to timer_drive.o(i.get_channel) for get_channel
    timer_drive.o(i.timer_compare_micro) refers to timer_drive.o(i.get_timer_address) for get_timer_address
    timer_drive.o(i.timer_compare_micro) refers to timer_drive.o(i.get_timer_pin) for get_timer_pin
    timer_drive.o(i.timer_compare_micro) refers to timer_drive.o(i.get_channel) for get_channel
    timer_drive.o(i.timer_compare_micro) refers to gp_drive.o(i.init_GP) for init_GP
    timer_drive.o(i.timer_compare_milli) refers to timer_drive.o(i.get_timer_address) for get_timer_address
    timer_drive.o(i.timer_compare_milli) refers to timer_drive.o(i.get_timer_pin) for get_timer_pin
    timer_drive.o(i.timer_compare_milli) refers to timer_drive.o(i.get_channel) for get_channel
    timer_drive.o(i.timer_compare_milli) refers to gp_drive.o(i.init_GP) for init_GP
    timer_drive.o(i.timer_get_capture_micro) refers to timer_drive.o(i.get_timer_address) for get_timer_address
    timer_drive.o(i.timer_get_capture_micro) refers to timer_drive.o(i.get_channel) for get_channel
    timer_drive.o(i.timer_get_capture_milli) refers to timer_drive.o(i.timer_get_capture_micro) for timer_get_capture_micro
    timer_drive.o(i.timer_irq_Rflag) refers to timer_drive.o(i.get_timer) for get_timer
    timer_drive.o(i.timer_irq_micro_start) refers to timer_drive.o(i.timer_start_micros) for timer_start_micros
    timer_drive.o(i.timer_irq_micro_start) refers to timer_drive.o(i.__NVIC_EnableIRQ) for __NVIC_EnableIRQ
    timer_drive.o(i.timer_irq_millis_start) refers to timer_drive.o(i.timer_start_millis) for timer_start_millis
    timer_drive.o(i.timer_irq_millis_start) refers to timer_drive.o(i.__NVIC_EnableIRQ) for __NVIC_EnableIRQ
    timer_drive.o(i.timer_irq_stop) refers to timer_drive.o(i.get_timer) for get_timer
    timer_drive.o(i.timer_irq_stop) refers to timer_drive.o(i.__NVIC_DisableIRQ) for __NVIC_DisableIRQ
    timer_drive.o(i.timer_pwm_micro) refers to timer_drive.o(i.get_timer_address) for get_timer_address
    timer_drive.o(i.timer_pwm_micro) refers to timer_drive.o(i.get_timer_pin) for get_timer_pin
    timer_drive.o(i.timer_pwm_micro) refers to timer_drive.o(i.get_channel) for get_channel
    timer_drive.o(i.timer_pwm_micro) refers to gp_drive.o(i.init_GP) for init_GP
    timer_drive.o(i.timer_pwm_milli) refers to timer_drive.o(i.get_timer_address) for get_timer_address
    timer_drive.o(i.timer_pwm_milli) refers to timer_drive.o(i.get_timer_pin) for get_timer_pin
    timer_drive.o(i.timer_pwm_milli) refers to timer_drive.o(i.get_channel) for get_channel
    timer_drive.o(i.timer_pwm_milli) refers to gp_drive.o(i.init_GP) for init_GP
    timer_drive.o(i.timer_start_micros) refers to timer_drive.o(i.get_timer) for get_timer
    timer_drive.o(i.timer_start_millis) refers to timer_drive.o(i.get_timer) for get_timer
    timer_drive.o(i.timer_stop) refers to timer_drive.o(i.get_timer) for get_timer
    timer_drive.o(i.timer_stop) refers to timer_drive.o(i.timer_irq_stop) for timer_irq_stop
    startup_stm32f10x_md.o(STACK) refers (Special) to heapauxi.o(.text) for __use_two_region_memory
    startup_stm32f10x_md.o(HEAP) refers (Special) to heapauxi.o(.text) for __use_two_region_memory
    startup_stm32f10x_md.o(RESET) refers (Special) to heapauxi.o(.text) for __use_two_region_memory
    startup_stm32f10x_md.o(RESET) refers to startup_stm32f10x_md.o(STACK) for __initial_sp
    startup_stm32f10x_md.o(RESET) refers to startup_stm32f10x_md.o(.text) for Reset_Handler
    startup_stm32f10x_md.o(RESET) refers to main.o(i.USART2_IRQHandler) for USART2_IRQHandler
    startup_stm32f10x_md.o(.text) refers (Special) to heapauxi.o(.text) for __use_two_region_memory
    startup_stm32f10x_md.o(.text) refers to system_stm32f10x.o(i.SystemInit) for SystemInit
    startup_stm32f10x_md.o(.text) refers to __main.o(!!!main) for __main
    startup_stm32f10x_md.o(.text) refers to startup_stm32f10x_md.o(HEAP) for Heap_Mem
    startup_stm32f10x_md.o(.text) refers to startup_stm32f10x_md.o(STACK) for Stack_Mem
    system_stm32f10x.o(i.SetSysClock) refers to system_stm32f10x.o(i.SetSysClockTo72) for SetSysClockTo72
    system_stm32f10x.o(i.SystemCoreClockUpdate) refers to system_stm32f10x.o(.data) for SystemCoreClock
    system_stm32f10x.o(i.SystemInit) refers to system_stm32f10x.o(i.SetSysClock) for SetSysClock
    __main.o(!!!main) refers to __rtentry.o(.ARM.Collect$$rtentry$$00000000) for __rt_entry
    daddsub_clz.o(x$fpl$dadd) refers (Special) to usenofp.o(x$fpl$usenofp) for __I$use$fp
    daddsub_clz.o(x$fpl$dadd) refers to daddsub_clz.o(x$fpl$dsub) for _dsub1
    daddsub_clz.o(x$fpl$dadd) refers to dretinf.o(x$fpl$dretinf) for __fpl_dretinf
    daddsub_clz.o(x$fpl$dadd) refers to dnaninf.o(x$fpl$dnaninf) for __fpl_dnaninf
    daddsub_clz.o(x$fpl$drsb) refers (Special) to usenofp.o(x$fpl$usenofp) for __I$use$fp
    daddsub_clz.o(x$fpl$drsb) refers to daddsub_clz.o(x$fpl$dadd) for _dadd1
    daddsub_clz.o(x$fpl$drsb) refers to daddsub_clz.o(x$fpl$dsub) for _dsub1
    daddsub_clz.o(x$fpl$dsub) refers (Special) to usenofp.o(x$fpl$usenofp) for __I$use$fp
    daddsub_clz.o(x$fpl$dsub) refers to daddsub_clz.o(x$fpl$dadd) for _dadd1
    daddsub_clz.o(x$fpl$dsub) refers to dnaninf.o(x$fpl$dnaninf) for __fpl_dnaninf
    ddiv.o(x$fpl$drdiv) refers (Special) to usenofp.o(x$fpl$usenofp) for __I$use$fp
    ddiv.o(x$fpl$drdiv) refers to ddiv.o(x$fpl$ddiv) for ddiv_entry
    ddiv.o(x$fpl$ddiv) refers (Special) to usenofp.o(x$fpl$usenofp) for __I$use$fp
    ddiv.o(x$fpl$ddiv) refers to dretinf.o(x$fpl$dretinf) for __fpl_dretinf
    ddiv.o(x$fpl$ddiv) refers to dnaninf.o(x$fpl$dnaninf) for __fpl_dnaninf
    dfixu.o(x$fpl$dfixu) refers (Special) to usenofp.o(x$fpl$usenofp) for __I$use$fp
    dfixu.o(x$fpl$dfixu) refers to dnaninf.o(x$fpl$dnaninf) for __fpl_dnaninf
    dfixu.o(x$fpl$dfixur) refers (Special) to usenofp.o(x$fpl$usenofp) for __I$use$fp
    dfixu.o(x$fpl$dfixur) refers to dnaninf.o(x$fpl$dnaninf) for __fpl_dnaninf
    dflt_clz.o(x$fpl$dfltu) refers (Special) to usenofp.o(x$fpl$usenofp) for __I$use$fp
    dflt_clz.o(x$fpl$dflt) refers (Special) to usenofp.o(x$fpl$usenofp) for __I$use$fp
    dflt_clz.o(x$fpl$dfltn) refers (Special) to usenofp.o(x$fpl$usenofp) for __I$use$fp
    dmul.o(x$fpl$dmul) refers (Special) to usenofp.o(x$fpl$usenofp) for __I$use$fp
    dmul.o(x$fpl$dmul) refers to dretinf.o(x$fpl$dretinf) for __fpl_dretinf
    dmul.o(x$fpl$dmul) refers to dnaninf.o(x$fpl$dnaninf) for __fpl_dnaninf
    drleqf.o(x$fpl$drleqf) refers (Special) to usenofp.o(x$fpl$usenofp) for __I$use$fp
    drleqf.o(x$fpl$drleqf) refers to dleqf.o(x$fpl$dleqf) for __fpl_dcmple_InfNaN
    __rtentry.o(.ARM.Collect$$rtentry$$00000000) refers (Special) to __rtentry2.o(.ARM.Collect$$rtentry$$0000000A) for __rt_entry_li
    __rtentry.o(.ARM.Collect$$rtentry$$00000000) refers (Special) to __rtentry2.o(.ARM.Collect$$rtentry$$0000000D) for __rt_entry_main
    __rtentry.o(.ARM.Collect$$rtentry$$00000000) refers (Special) to __rtentry2.o(.ARM.Collect$$rtentry$$0000000C) for __rt_entry_postli_1
    __rtentry.o(.ARM.Collect$$rtentry$$00000000) refers (Special) to __rtentry2.o(.ARM.Collect$$rtentry$$00000009) for __rt_entry_postsh_1
    __rtentry.o(.ARM.Collect$$rtentry$$00000000) refers (Special) to __rtentry2.o(.ARM.Collect$$rtentry$$00000002) for __rt_entry_presh_1
    __rtentry.o(.ARM.Collect$$rtentry$$00000000) refers (Special) to __rtentry4.o(.ARM.Collect$$rtentry$$00000004) for __rt_entry_sh
    dleqf.o(x$fpl$dleqf) refers (Special) to usenofp.o(x$fpl$usenofp) for __I$use$fp
    dleqf.o(x$fpl$dleqf) refers to dnaninf.o(x$fpl$dnaninf) for __fpl_dnaninf
    dleqf.o(x$fpl$dleqf) refers to dcmpi.o(x$fpl$dcmpinf) for __fpl_dcmp_Inf
    dnaninf.o(x$fpl$dnaninf) refers (Special) to usenofp.o(x$fpl$usenofp) for __I$use$fp
    dretinf.o(x$fpl$dretinf) refers (Special) to usenofp.o(x$fpl$usenofp) for __I$use$fp
    __rtentry2.o(.ARM.Collect$$rtentry$$00000008) refers to boardinit2.o(.text) for _platform_post_stackheap_init
    __rtentry2.o(.ARM.Collect$$rtentry$$0000000A) refers to libinit.o(.ARM.Collect$$libinit$$00000000) for __rt_lib_init
    __rtentry2.o(.ARM.Collect$$rtentry$$0000000B) refers to boardinit3.o(.text) for _platform_post_lib_init
    __rtentry2.o(.ARM.Collect$$rtentry$$0000000D) refers to main.o(i.main) for main
    __rtentry2.o(.ARM.Collect$$rtentry$$0000000D) refers to exit.o(.text) for exit
    __rtentry2.o(.ARM.exidx) refers to __rtentry2.o(.ARM.Collect$$rtentry$$00000001) for .ARM.Collect$$rtentry$$00000001
    __rtentry2.o(.ARM.exidx) refers to __rtentry2.o(.ARM.Collect$$rtentry$$00000008) for .ARM.Collect$$rtentry$$00000008
    __rtentry2.o(.ARM.exidx) refers to __rtentry2.o(.ARM.Collect$$rtentry$$0000000A) for .ARM.Collect$$rtentry$$0000000A
    __rtentry2.o(.ARM.exidx) refers to __rtentry2.o(.ARM.Collect$$rtentry$$0000000B) for .ARM.Collect$$rtentry$$0000000B
    __rtentry2.o(.ARM.exidx) refers to __rtentry2.o(.ARM.Collect$$rtentry$$0000000D) for .ARM.Collect$$rtentry$$0000000D
    __rtentry4.o(.ARM.Collect$$rtentry$$00000004) refers to sys_stackheap_outer.o(.text) for __user_setup_stackheap
    __rtentry4.o(.ARM.exidx) refers to __rtentry4.o(.ARM.Collect$$rtentry$$00000004) for .ARM.Collect$$rtentry$$00000004
    dcmpi.o(x$fpl$dcmpinf) refers (Special) to usenofp.o(x$fpl$usenofp) for __I$use$fp
    sys_stackheap_outer.o(.text) refers to libspace.o(.text) for __user_perproc_libspace
    sys_stackheap_outer.o(.text) refers to startup_stm32f10x_md.o(.text) for __user_initial_stackheap
    exit.o(.text) refers to rtexit.o(.ARM.Collect$$rtexit$$00000000) for __rt_exit
    libinit.o(.ARM.Collect$$libinit$$00000000) refers (Special) to libinit2.o(.ARM.Collect$$libinit$$0000002E) for __rt_lib_init_alloca_1
    libinit.o(.ARM.Collect$$libinit$$00000000) refers (Special) to libinit2.o(.ARM.Collect$$libinit$$0000002C) for __rt_lib_init_argv_1
    libinit.o(.ARM.Collect$$libinit$$00000000) refers (Special) to libinit2.o(.ARM.Collect$$libinit$$0000001B) for __rt_lib_init_atexit_1
    libinit.o(.ARM.Collect$$libinit$$00000000) refers (Special) to libinit2.o(.ARM.Collect$$libinit$$00000021) for __rt_lib_init_clock_1
    libinit.o(.ARM.Collect$$libinit$$00000000) refers (Special) to libinit2.o(.ARM.Collect$$libinit$$00000032) for __rt_lib_init_cpp_1
    libinit.o(.ARM.Collect$$libinit$$00000000) refers (Special) to libinit2.o(.ARM.Collect$$libinit$$00000030) for __rt_lib_init_exceptions_1
    libinit.o(.ARM.Collect$$libinit$$00000000) refers (Special) to libinit2.o(.ARM.Collect$$libinit$$00000002) for __rt_lib_init_fp_1
    libinit.o(.ARM.Collect$$libinit$$00000000) refers (Special) to libinit2.o(.ARM.Collect$$libinit$$0000001F) for __rt_lib_init_fp_trap_1
    libinit.o(.ARM.Collect$$libinit$$00000000) refers (Special) to libinit2.o(.ARM.Collect$$libinit$$00000023) for __rt_lib_init_getenv_1
    libinit.o(.ARM.Collect$$libinit$$00000000) refers (Special) to libinit2.o(.ARM.Collect$$libinit$$0000000A) for __rt_lib_init_heap_1
    libinit.o(.ARM.Collect$$libinit$$00000000) refers (Special) to libinit2.o(.ARM.Collect$$libinit$$00000011) for __rt_lib_init_lc_collate_1
    libinit.o(.ARM.Collect$$libinit$$00000000) refers (Special) to libinit2.o(.ARM.Collect$$libinit$$00000013) for __rt_lib_init_lc_ctype_1
    libinit.o(.ARM.Collect$$libinit$$00000000) refers (Special) to libinit2.o(.ARM.Collect$$libinit$$00000015) for __rt_lib_init_lc_monetary_1
    libinit.o(.ARM.Collect$$libinit$$00000000) refers (Special) to libinit2.o(.ARM.Collect$$libinit$$00000017) for __rt_lib_init_lc_numeric_1
    libinit.o(.ARM.Collect$$libinit$$00000000) refers (Special) to libinit2.o(.ARM.Collect$$libinit$$00000019) for __rt_lib_init_lc_time_1
    libinit.o(.ARM.Collect$$libinit$$00000000) refers (Special) to libinit2.o(.ARM.Collect$$libinit$$00000004) for __rt_lib_init_preinit_1
    libinit.o(.ARM.Collect$$libinit$$00000000) refers (Special) to libinit2.o(.ARM.Collect$$libinit$$0000000E) for __rt_lib_init_rand_1
    libinit.o(.ARM.Collect$$libinit$$00000000) refers (Special) to libinit2.o(.ARM.Collect$$libinit$$00000033) for __rt_lib_init_return
    libinit.o(.ARM.Collect$$libinit$$00000000) refers (Special) to libinit2.o(.ARM.Collect$$libinit$$0000001D) for __rt_lib_init_signal_1
    libinit.o(.ARM.Collect$$libinit$$00000000) refers (Special) to libinit2.o(.ARM.Collect$$libinit$$00000025) for __rt_lib_init_stdio_1
    libinit.o(.ARM.Collect$$libinit$$00000000) refers (Special) to libinit2.o(.ARM.Collect$$libinit$$0000000C) for __rt_lib_init_user_alloc_1
    libspace.o(.text) refers to libspace.o(.bss) for __libspace_start
    rtexit.o(.ARM.Collect$$rtexit$$00000000) refers (Special) to rtexit2.o(.ARM.Collect$$rtexit$$00000004) for __rt_exit_exit
    rtexit.o(.ARM.Collect$$rtexit$$00000000) refers (Special) to rtexit2.o(.ARM.Collect$$rtexit$$00000003) for __rt_exit_ls
    rtexit.o(.ARM.Collect$$rtexit$$00000000) refers (Special) to rtexit2.o(.ARM.Collect$$rtexit$$00000002) for __rt_exit_prels_1
    rtexit.o(.ARM.exidx) refers (Special) to rtexit2.o(.ARM.Collect$$rtexit$$00000004) for __rt_exit_exit
    rtexit.o(.ARM.exidx) refers (Special) to rtexit2.o(.ARM.Collect$$rtexit$$00000003) for __rt_exit_ls
    rtexit.o(.ARM.exidx) refers (Special) to rtexit2.o(.ARM.Collect$$rtexit$$00000002) for __rt_exit_prels_1
    rtexit.o(.ARM.exidx) refers to rtexit.o(.ARM.Collect$$rtexit$$00000000) for .ARM.Collect$$rtexit$$00000000
    libinit2.o(.ARM.Collect$$libinit$$00000010) refers to libinit2.o(.ARM.Collect$$libinit$$0000000F) for .ARM.Collect$$libinit$$0000000F
    libinit2.o(.ARM.Collect$$libinit$$00000012) refers to libinit2.o(.ARM.Collect$$libinit$$0000000F) for .ARM.Collect$$libinit$$0000000F
    libinit2.o(.ARM.Collect$$libinit$$00000014) refers to libinit2.o(.ARM.Collect$$libinit$$0000000F) for .ARM.Collect$$libinit$$0000000F
    libinit2.o(.ARM.Collect$$libinit$$00000016) refers to libinit2.o(.ARM.Collect$$libinit$$0000000F) for .ARM.Collect$$libinit$$0000000F
    libinit2.o(.ARM.Collect$$libinit$$00000018) refers to libinit2.o(.ARM.Collect$$libinit$$0000000F) for .ARM.Collect$$libinit$$0000000F
    libinit2.o(.ARM.Collect$$libinit$$00000026) refers to argv_veneer.o(.emb_text) for __ARM_argv_veneer
    libinit2.o(.ARM.Collect$$libinit$$00000027) refers to argv_veneer.o(.emb_text) for __ARM_argv_veneer
    rtexit2.o(.ARM.Collect$$rtexit$$00000003) refers to libshutdown.o(.ARM.Collect$$libshutdown$$00000000) for __rt_lib_shutdown
    rtexit2.o(.ARM.Collect$$rtexit$$00000004) refers to sys_exit.o(.text) for _sys_exit
    rtexit2.o(.ARM.exidx) refers to rtexit2.o(.ARM.Collect$$rtexit$$00000001) for .ARM.Collect$$rtexit$$00000001
    rtexit2.o(.ARM.exidx) refers to rtexit2.o(.ARM.Collect$$rtexit$$00000003) for .ARM.Collect$$rtexit$$00000003
    rtexit2.o(.ARM.exidx) refers to rtexit2.o(.ARM.Collect$$rtexit$$00000004) for .ARM.Collect$$rtexit$$00000004
    argv_veneer.o(.emb_text) refers to no_argv.o(.text) for __ARM_get_argv
    sys_exit.o(.text) refers (Special) to use_no_semi.o(.text) for __I$use$semihosting
    sys_exit.o(.text) refers (Special) to indicate_semi.o(.text) for __semihosting_library_function
    _get_argv_nomalloc.o(.text) refers (Special) to hrguard.o(.text) for __heap_region$guard
    _get_argv_nomalloc.o(.text) refers to defsig_rtmem_outer.o(.text) for __rt_SIGRTMEM
    _get_argv_nomalloc.o(.text) refers to sys_command.o(.text) for _sys_command_string
    libshutdown.o(.ARM.Collect$$libshutdown$$00000000) refers (Special) to libshutdown2.o(.ARM.Collect$$libshutdown$$00000002) for __rt_lib_shutdown_cpp_1
    libshutdown.o(.ARM.Collect$$libshutdown$$00000000) refers (Special) to libshutdown2.o(.ARM.Collect$$libshutdown$$00000007) for __rt_lib_shutdown_fp_trap_1
    libshutdown.o(.ARM.Collect$$libshutdown$$00000000) refers (Special) to libshutdown2.o(.ARM.Collect$$libshutdown$$0000000F) for __rt_lib_shutdown_heap_1
    libshutdown.o(.ARM.Collect$$libshutdown$$00000000) refers (Special) to libshutdown2.o(.ARM.Collect$$libshutdown$$00000010) for __rt_lib_shutdown_return
    libshutdown.o(.ARM.Collect$$libshutdown$$00000000) refers (Special) to libshutdown2.o(.ARM.Collect$$libshutdown$$0000000A) for __rt_lib_shutdown_signal_1
    libshutdown.o(.ARM.Collect$$libshutdown$$00000000) refers (Special) to libshutdown2.o(.ARM.Collect$$libshutdown$$00000004) for __rt_lib_shutdown_stdio_1
    libshutdown.o(.ARM.Collect$$libshutdown$$00000000) refers (Special) to libshutdown2.o(.ARM.Collect$$libshutdown$$0000000C) for __rt_lib_shutdown_user_alloc_1
    sys_command.o(.text) refers (Special) to use_no_semi.o(.text) for __I$use$semihosting
    sys_command.o(.text) refers (Special) to indicate_semi.o(.text) for __semihosting_library_function
    defsig_rtmem_outer.o(.text) refers to defsig_rtmem_inner.o(.text) for __rt_SIGRTMEM_inner
    defsig_rtmem_outer.o(.text) refers to defsig_exit.o(.text) for __sig_exit
    defsig_rtmem_formal.o(.text) refers to rt_raise.o(.text) for __rt_raise
    rt_raise.o(.text) refers to __raise.o(.text) for __raise
    rt_raise.o(.text) refers to sys_exit.o(.text) for _sys_exit
    defsig_exit.o(.text) refers to sys_exit.o(.text) for _sys_exit
    defsig_rtmem_inner.o(.text) refers to defsig_general.o(.text) for __default_signal_display
    __raise.o(.text) refers to defsig.o(CL$$defsig) for __default_signal_handler
    defsig_general.o(.text) refers to sys_wrch.o(.text) for _ttywrch
    sys_wrch.o(.text) refers (Special) to use_no_semi.o(.text) for __I$use$semihosting
    sys_wrch.o(.text) refers (Special) to indicate_semi.o(.text) for __semihosting_library_function
    defsig.o(CL$$defsig) refers to defsig_rtmem_inner.o(.text) for __rt_SIGRTMEM_inner
    defsig_abrt_inner.o(.text) refers to defsig_general.o(.text) for __default_signal_display
    defsig_fpe_inner.o(.text) refers to defsig_general.o(.text) for __default_signal_display
    defsig_rtred_inner.o(.text) refers to defsig_general.o(.text) for __default_signal_display
    defsig_stak_inner.o(.text) refers to defsig_general.o(.text) for __default_signal_display
    defsig_pvfn_inner.o(.text) refers to defsig_general.o(.text) for __default_signal_display
    defsig_cppl_inner.o(.text) refers to defsig_general.o(.text) for __default_signal_display
    defsig_segv_inner.o(.text) refers to defsig_general.o(.text) for __default_signal_display
    defsig_other.o(.text) refers to defsig_general.o(.text) for __default_signal_display


==============================================================================

Removing Unused input sections from the image.

    Removing main.o(.rev16_text), (4 bytes).
    Removing main.o(.revsh_text), (4 bytes).
    Removing main.o(.rrx_text), (6 bytes).
    Removing adc_drive.o(.rev16_text), (4 bytes).
    Removing adc_drive.o(.revsh_text), (4 bytes).
    Removing adc_drive.o(.rrx_text), (6 bytes).
    Removing adc_drive.o(i.__NVIC_EnableIRQ), (34 bytes).
    Removing adc_drive.o(i.adc_init), (240 bytes).
    Removing adc_drive.o(i.adc_irq), (92 bytes).
    Removing adc_drive.o(i.adc_rx), (52 bytes).
    Removing adc_drive.o(i.adc_wd), (120 bytes).
    Removing gp_drive.o(.rev16_text), (4 bytes).
    Removing gp_drive.o(.revsh_text), (4 bytes).
    Removing gp_drive.o(.rrx_text), (6 bytes).
    Removing gp_drive.o(i.BLED), (16 bytes).
    Removing gp_drive.o(i.B_init), (16 bytes).
    Removing gp_drive.o(i.Digital_Input), (20 bytes).
    Removing gp_drive.o(i.Digital_Output), (20 bytes).
    Removing gp_drive.o(i.PINc), (40 bytes).
    Removing gp_drive.o(i.R_GP), (68 bytes).
    Removing gp_drive.o(i.W_GP), (80 bytes).
    Removing gp_drive.o(i.toggle_GP), (40 bytes).
    Removing help_func.o(i.char2int), (100 bytes).
    Removing help_func.o(i.find_str), (120 bytes).
    Removing help_func.o(i.find_strL), (50 bytes).
    Removing help_func.o(i.str_empty_len), (20 bytes).
    Removing msg_drive.o(.rev16_text), (4 bytes).
    Removing msg_drive.o(.revsh_text), (4 bytes).
    Removing msg_drive.o(.rrx_text), (6 bytes).
    Removing msg_drive.o(i.basic_msg), (38 bytes).
    Removing msg_drive.o(i.make_msg), (88 bytes).
    Removing systick_time.o(.rev16_text), (4 bytes).
    Removing systick_time.o(.revsh_text), (4 bytes).
    Removing systick_time.o(.rrx_text), (6 bytes).
    Removing systick_time.o(i.DelayUs), (18 bytes).
    Removing systick_time.o(i.Delaymicro), (30 bytes).
    Removing systick_time.o(i.systick_int), (108 bytes).
    Removing uart_drive.o(.rev16_text), (4 bytes).
    Removing uart_drive.o(.revsh_text), (4 bytes).
    Removing uart_drive.o(.rrx_text), (6 bytes).
    Removing uart_drive.o(i.UART_msg), (56 bytes).
    Removing timer_drive.o(.rev16_text), (4 bytes).
    Removing timer_drive.o(.revsh_text), (4 bytes).
    Removing timer_drive.o(.rrx_text), (6 bytes).
    Removing timer_drive.o(i.TDelay_Micro), (14 bytes).
    Removing timer_drive.o(i.TDelay_Micros), (38 bytes).
    Removing timer_drive.o(i.TDelay_Milli), (14 bytes).
    Removing timer_drive.o(i.TDelay_Millis), (30 bytes).
    Removing timer_drive.o(i.__NVIC_DisableIRQ), (60 bytes).
    Removing timer_drive.o(i.__NVIC_EnableIRQ), (34 bytes).
    Removing timer_drive.o(i.esc_speed), (44 bytes).
    Removing timer_drive.o(i.get_channel), (98 bytes).
    Removing timer_drive.o(i.get_time_millis), (22 bytes).
    Removing timer_drive.o(i.get_timer_address), (72 bytes).
    Removing timer_drive.o(i.get_timer_pin), (62 bytes).
    Removing timer_drive.o(i.servo_180_deg), (50 bytes).
    Removing timer_drive.o(i.servo_speed_CCD), (46 bytes).
    Removing timer_drive.o(i.servo_speed_CD), (46 bytes).
    Removing timer_drive.o(i.sr04_get_value), (28 bytes).
    Removing timer_drive.o(i.sr04_init), (44 bytes).
    Removing timer_drive.o(i.timer_capture_micro), (260 bytes).
    Removing timer_drive.o(i.timer_capture_milli), (264 bytes).
    Removing timer_drive.o(i.timer_channel_stop), (90 bytes).
    Removing timer_drive.o(i.timer_compare_micro), (256 bytes).
    Removing timer_drive.o(i.timer_compare_milli), (264 bytes).
    Removing timer_drive.o(i.timer_get_capture_micro), (96 bytes).
    Removing timer_drive.o(i.timer_get_capture_milli), (26 bytes).
    Removing timer_drive.o(i.timer_irq_Rflag), (24 bytes).
    Removing timer_drive.o(i.timer_irq_micro_start), (82 bytes).
    Removing timer_drive.o(i.timer_irq_millis_start), (82 bytes).
    Removing timer_drive.o(i.timer_irq_stop), (80 bytes).
    Removing timer_drive.o(i.timer_pwm_micro), (256 bytes).
    Removing timer_drive.o(i.timer_pwm_milli), (264 bytes).
    Removing timer_drive.o(i.timer_start_millis), (84 bytes).
    Removing timer_drive.o(i.timer_stop), (64 bytes).
    Removing system_stm32f10x.o(.rev16_text), (4 bytes).
    Removing system_stm32f10x.o(.revsh_text), (4 bytes).
    Removing system_stm32f10x.o(.rrx_text), (6 bytes).
    Removing system_stm32f10x.o(i.SystemCoreClockUpdate), (164 bytes).
    Removing system_stm32f10x.o(.data), (20 bytes).

80 unused section(s) (total 4656 bytes) removed from the image.

==============================================================================

Image Symbol Table

    Local Symbols

    Symbol Name                              Value     Ov Type        Size  Object(Section)

    ../clib/angel/boardlib.s                 0x00000000   Number         0  boardinit3.o ABSOLUTE
    ../clib/angel/boardlib.s                 0x00000000   Number         0  boardinit2.o ABSOLUTE
    ../clib/angel/boardlib.s                 0x00000000   Number         0  boardshut.o ABSOLUTE
    ../clib/angel/boardlib.s                 0x00000000   Number         0  boardinit1.o ABSOLUTE
    ../clib/angel/handlers.s                 0x00000000   Number         0  __scatter_zi.o ABSOLUTE
    ../clib/angel/handlers.s                 0x00000000   Number         0  __scatter_copy.o ABSOLUTE
    ../clib/angel/kernel.s                   0x00000000   Number         0  __rtentry2.o ABSOLUTE
    ../clib/angel/kernel.s                   0x00000000   Number         0  __rtentry4.o ABSOLUTE
    ../clib/angel/kernel.s                   0x00000000   Number         0  rtexit2.o ABSOLUTE
    ../clib/angel/kernel.s                   0x00000000   Number         0  __rtentry.o ABSOLUTE
    ../clib/angel/kernel.s                   0x00000000   Number         0  rtexit.o ABSOLUTE
    ../clib/angel/rt.s                       0x00000000   Number         0  rt_raise.o ABSOLUTE
    ../clib/angel/scatter.s                  0x00000000   Number         0  __scatter.o ABSOLUTE
    ../clib/angel/startup.s                  0x00000000   Number         0  __main.o ABSOLUTE
    ../clib/angel/sys.s                      0x00000000   Number         0  use_no_semi.o ABSOLUTE
    ../clib/angel/sys.s                      0x00000000   Number         0  sys_stackheap_outer.o ABSOLUTE
    ../clib/angel/sys.s                      0x00000000   Number         0  libspace.o ABSOLUTE
    ../clib/angel/sys.s                      0x00000000   Number         0  indicate_semi.o ABSOLUTE
    ../clib/angel/sysapp.c                   0x00000000   Number         0  sys_command.o ABSOLUTE
    ../clib/angel/sysapp.c                   0x00000000   Number         0  sys_exit.o ABSOLUTE
    ../clib/angel/sysapp.c                   0x00000000   Number         0  sys_wrch.o ABSOLUTE
    ../clib/armsys.c                         0x00000000   Number         0  _get_argv_nomalloc.o ABSOLUTE
    ../clib/armsys.c                         0x00000000   Number         0  no_argv.o ABSOLUTE
    ../clib/armsys.c                         0x00000000   Number         0  argv_veneer.o ABSOLUTE
    ../clib/armsys.c                         0x00000000   Number         0  argv_veneer.o ABSOLUTE
    ../clib/heapalloc.c                      0x00000000   Number         0  hrguard.o ABSOLUTE
    ../clib/heapaux.c                        0x00000000   Number         0  heapauxi.o ABSOLUTE
    ../clib/libinit.s                        0x00000000   Number         0  libinit.o ABSOLUTE
    ../clib/libinit.s                        0x00000000   Number         0  libshutdown2.o ABSOLUTE
    ../clib/libinit.s                        0x00000000   Number         0  libinit2.o ABSOLUTE
    ../clib/libinit.s                        0x00000000   Number         0  libshutdown.o ABSOLUTE
    ../clib/memcpset.s                       0x00000000   Number         0  rt_memcpy_w.o ABSOLUTE
    ../clib/signal.c                         0x00000000   Number         0  defsig_general.o ABSOLUTE
    ../clib/signal.c                         0x00000000   Number         0  __raise.o ABSOLUTE
    ../clib/signal.c                         0x00000000   Number         0  defsig_rtmem_inner.o ABSOLUTE
    ../clib/signal.c                         0x00000000   Number         0  defsig_exit.o ABSOLUTE
    ../clib/signal.c                         0x00000000   Number         0  defsig_fpe_inner.o ABSOLUTE
    ../clib/signal.c                         0x00000000   Number         0  defsig_rtmem_formal.o ABSOLUTE
    ../clib/signal.c                         0x00000000   Number         0  defsig_pvfn_inner.o ABSOLUTE
    ../clib/signal.c                         0x00000000   Number         0  defsig_abrt_inner.o ABSOLUTE
    ../clib/signal.c                         0x00000000   Number         0  defsig_rtred_inner.o ABSOLUTE
    ../clib/signal.c                         0x00000000   Number         0  defsig_stak_inner.o ABSOLUTE
    ../clib/signal.c                         0x00000000   Number         0  defsig_rtmem_outer.o ABSOLUTE
    ../clib/signal.c                         0x00000000   Number         0  defsig_cppl_inner.o ABSOLUTE
    ../clib/signal.c                         0x00000000   Number         0  defsig_segv_inner.o ABSOLUTE
    ../clib/signal.c                         0x00000000   Number         0  defsig_other.o ABSOLUTE
    ../clib/signal.s                         0x00000000   Number         0  defsig.o ABSOLUTE
    ../clib/stdlib.c                         0x00000000   Number         0  exit.o ABSOLUTE
    ../fplib/daddsub.s                       0x00000000   Number         0  daddsub_clz.o ABSOLUTE
    ../fplib/dcmpi.s                         0x00000000   Number         0  dcmpi.o ABSOLUTE
    ../fplib/ddiv.s                          0x00000000   Number         0  ddiv.o ABSOLUTE
    ../fplib/dfixu.s                         0x00000000   Number         0  dfixu.o ABSOLUTE
    ../fplib/dflt.s                          0x00000000   Number         0  dflt_clz.o ABSOLUTE
    ../fplib/dleqf.s                         0x00000000   Number         0  dleqf.o ABSOLUTE
    ../fplib/dmul.s                          0x00000000   Number         0  dmul.o ABSOLUTE
    ../fplib/dnaninf.s                       0x00000000   Number         0  dnaninf.o ABSOLUTE
    ../fplib/dretinf.s                       0x00000000   Number         0  dretinf.o ABSOLUTE
    ../fplib/drleqf.s                        0x00000000   Number         0  drleqf.o ABSOLUTE
    ../fplib/fpinit.s                        0x00000000   Number         0  fpinit.o ABSOLUTE
    ../fplib/usenofp.s                       0x00000000   Number         0  usenofp.o ABSOLUTE
    RTE\Device\STM32F103C8\startup_stm32f10x_md.s 0x00000000   Number         0  startup_stm32f10x_md.o ABSOLUTE
    RTE\Device\STM32F103C8\system_stm32f10x.c 0x00000000   Number         0  system_stm32f10x.o ABSOLUTE
    RTE\\Device\\STM32F103C8\\system_stm32f10x.c 0x00000000   Number         0  system_stm32f10x.o ABSOLUTE
    adc_drive.c                              0x00000000   Number         0  adc_drive.o ABSOLUTE
    adc_drive.c                              0x00000000   Number         0  adc_drive.o ABSOLUTE
    dc.s                                     0x00000000   Number         0  dc.o ABSOLUTE
    gp_drive.c                               0x00000000   Number         0  gp_drive.o ABSOLUTE
    gp_drive.c                               0x00000000   Number         0  gp_drive.o ABSOLUTE
    help_func.c                              0x00000000   Number         0  help_func.o ABSOLUTE
    main.c                                   0x00000000   Number         0  main.o ABSOLUTE
    main.c                                   0x00000000   Number         0  main.o ABSOLUTE
    msg_drive.c                              0x00000000   Number         0  msg_drive.o ABSOLUTE
    msg_drive.c                              0x00000000   Number         0  msg_drive.o ABSOLUTE
    systick_time.c                           0x00000000   Number         0  systick_time.o ABSOLUTE
    systick_time.c                           0x00000000   Number         0  systick_time.o ABSOLUTE
    timer_drive.c                            0x00000000   Number         0  timer_drive.o ABSOLUTE
    timer_drive.c                            0x00000000   Number         0  timer_drive.o ABSOLUTE
    uart_drive.c                             0x00000000   Number         0  uart_drive.o ABSOLUTE
    uart_drive.c                             0x00000000   Number         0  uart_drive.o ABSOLUTE
    RESET                                    0x08000000   Section      236  startup_stm32f10x_md.o(RESET)
    !!!main                                  0x080000ec   Section        8  __main.o(!!!main)
    !!!scatter                               0x080000f4   Section       52  __scatter.o(!!!scatter)
    !!handler_copy                           0x08000128   Section       26  __scatter_copy.o(!!handler_copy)
    !!handler_zi                             0x08000144   Section       28  __scatter_zi.o(!!handler_zi)
    .ARM.Collect$$libinit$$00000000          0x08000160   Section        2  libinit.o(.ARM.Collect$$libinit$$00000000)
    .ARM.Collect$$libinit$$00000002          0x08000162   Section        0  libinit2.o(.ARM.Collect$$libinit$$00000002)
    .ARM.Collect$$libinit$$00000004          0x08000162   Section        0  libinit2.o(.ARM.Collect$$libinit$$00000004)
    .ARM.Collect$$libinit$$0000000A          0x08000162   Section        0  libinit2.o(.ARM.Collect$$libinit$$0000000A)
    .ARM.Collect$$libinit$$0000000C          0x08000162   Section        0  libinit2.o(.ARM.Collect$$libinit$$0000000C)
    .ARM.Collect$$libinit$$0000000E          0x08000162   Section        0  libinit2.o(.ARM.Collect$$libinit$$0000000E)
    .ARM.Collect$$libinit$$00000011          0x08000162   Section        0  libinit2.o(.ARM.Collect$$libinit$$00000011)
    .ARM.Collect$$libinit$$00000013          0x08000162   Section        0  libinit2.o(.ARM.Collect$$libinit$$00000013)
    .ARM.Collect$$libinit$$00000015          0x08000162   Section        0  libinit2.o(.ARM.Collect$$libinit$$00000015)
    .ARM.Collect$$libinit$$00000017          0x08000162   Section        0  libinit2.o(.ARM.Collect$$libinit$$00000017)
    .ARM.Collect$$libinit$$00000019          0x08000162   Section        0  libinit2.o(.ARM.Collect$$libinit$$00000019)
    .ARM.Collect$$libinit$$0000001B          0x08000162   Section        0  libinit2.o(.ARM.Collect$$libinit$$0000001B)
    .ARM.Collect$$libinit$$0000001D          0x08000162   Section        0  libinit2.o(.ARM.Collect$$libinit$$0000001D)
    .ARM.Collect$$libinit$$0000001F          0x08000162   Section        0  libinit2.o(.ARM.Collect$$libinit$$0000001F)
    .ARM.Collect$$libinit$$00000021          0x08000162   Section        0  libinit2.o(.ARM.Collect$$libinit$$00000021)
    .ARM.Collect$$libinit$$00000023          0x08000162   Section        0  libinit2.o(.ARM.Collect$$libinit$$00000023)
    .ARM.Collect$$libinit$$00000025          0x08000162   Section        0  libinit2.o(.ARM.Collect$$libinit$$00000025)
    .ARM.Collect$$libinit$$0000002C          0x08000162   Section        0  libinit2.o(.ARM.Collect$$libinit$$0000002C)
    .ARM.Collect$$libinit$$0000002E          0x08000162   Section        0  libinit2.o(.ARM.Collect$$libinit$$0000002E)
    .ARM.Collect$$libinit$$00000030          0x08000162   Section        0  libinit2.o(.ARM.Collect$$libinit$$00000030)
    .ARM.Collect$$libinit$$00000032          0x08000162   Section        0  libinit2.o(.ARM.Collect$$libinit$$00000032)
    .ARM.Collect$$libinit$$00000033          0x08000162   Section        2  libinit2.o(.ARM.Collect$$libinit$$00000033)
    .ARM.Collect$$libshutdown$$00000000      0x08000164   Section        2  libshutdown.o(.ARM.Collect$$libshutdown$$00000000)
    .ARM.Collect$$libshutdown$$00000002      0x08000166   Section        0  libshutdown2.o(.ARM.Collect$$libshutdown$$00000002)
    .ARM.Collect$$libshutdown$$00000004      0x08000166   Section        0  libshutdown2.o(.ARM.Collect$$libshutdown$$00000004)
    .ARM.Collect$$libshutdown$$00000007      0x08000166   Section        0  libshutdown2.o(.ARM.Collect$$libshutdown$$00000007)
    .ARM.Collect$$libshutdown$$0000000A      0x08000166   Section        0  libshutdown2.o(.ARM.Collect$$libshutdown$$0000000A)
    .ARM.Collect$$libshutdown$$0000000C      0x08000166   Section        0  libshutdown2.o(.ARM.Collect$$libshutdown$$0000000C)
    .ARM.Collect$$libshutdown$$0000000F      0x08000166   Section        0  libshutdown2.o(.ARM.Collect$$libshutdown$$0000000F)
    .ARM.Collect$$libshutdown$$00000010      0x08000166   Section        2  libshutdown2.o(.ARM.Collect$$libshutdown$$00000010)
    .ARM.Collect$$rtentry$$00000000          0x08000168   Section        0  __rtentry.o(.ARM.Collect$$rtentry$$00000000)
    .ARM.Collect$$rtentry$$00000002          0x08000168   Section        0  __rtentry2.o(.ARM.Collect$$rtentry$$00000002)
    .ARM.Collect$$rtentry$$00000004          0x08000168   Section        6  __rtentry4.o(.ARM.Collect$$rtentry$$00000004)
    .ARM.Collect$$rtentry$$00000009          0x0800016e   Section        0  __rtentry2.o(.ARM.Collect$$rtentry$$00000009)
    .ARM.Collect$$rtentry$$0000000A          0x0800016e   Section        4  __rtentry2.o(.ARM.Collect$$rtentry$$0000000A)
    .ARM.Collect$$rtentry$$0000000C          0x08000172   Section        0  __rtentry2.o(.ARM.Collect$$rtentry$$0000000C)
    .ARM.Collect$$rtentry$$0000000D          0x08000172   Section        8  __rtentry2.o(.ARM.Collect$$rtentry$$0000000D)
    .ARM.Collect$$rtexit$$00000000           0x0800017a   Section        2  rtexit.o(.ARM.Collect$$rtexit$$00000000)
    .ARM.Collect$$rtexit$$00000002           0x0800017c   Section        0  rtexit2.o(.ARM.Collect$$rtexit$$00000002)
    .ARM.Collect$$rtexit$$00000003           0x0800017c   Section        4  rtexit2.o(.ARM.Collect$$rtexit$$00000003)
    .ARM.Collect$$rtexit$$00000004           0x08000180   Section        6  rtexit2.o(.ARM.Collect$$rtexit$$00000004)
    .text                                    0x08000188   Section       64  startup_stm32f10x_md.o(.text)
    .text                                    0x080001c8   Section      100  rt_memcpy_w.o(.text)
    .text                                    0x0800022c   Section        0  heapauxi.o(.text)
    .text                                    0x08000232   Section       74  sys_stackheap_outer.o(.text)
    .text                                    0x0800027c   Section        0  exit.o(.text)
    .text                                    0x08000290   Section        8  libspace.o(.text)
    .text                                    0x08000298   Section        0  sys_exit.o(.text)
    .text                                    0x080002a4   Section        2  use_no_semi.o(.text)
    .text                                    0x080002a6   Section        0  indicate_semi.o(.text)
    i.Concatstr                              0x080002a6   Section        0  help_func.o(i.Concatstr)
    i.DelayMillis                            0x080002cc   Section        0  systick_time.o(i.DelayMillis)
    i.DelayMs                                0x080002f0   Section        0  systick_time.o(i.DelayMs)
    i.InsertData                             0x08000304   Section        0  msg_drive.o(i.InsertData)
    i.SetSysClock                            0x08000344   Section        0  system_stm32f10x.o(i.SetSysClock)
    SetSysClock                              0x08000345   Thumb Code     8  system_stm32f10x.o(i.SetSysClock)
    i.SetSysClockTo72                        0x0800034c   Section        0  system_stm32f10x.o(i.SetSysClockTo72)
    SetSysClockTo72                          0x0800034d   Thumb Code   214  system_stm32f10x.o(i.SetSysClockTo72)
    i.SystemInit                             0x0800042c   Section        0  system_stm32f10x.o(i.SystemInit)
    i.UART_ISR                               0x0800048c   Section        0  uart_drive.o(i.UART_ISR)
    i.UART_RX                                0x080004e4   Section        0  uart_drive.o(i.UART_RX)
    i.UART_SEND                              0x08000544   Section        0  uart_drive.o(i.UART_SEND)
    i.UART_TX                                0x08000560   Section        0  uart_drive.o(i.UART_TX)
    i.UART_init                              0x080005b8   Section        0  uart_drive.o(i.UART_init)
    i.USART2_IRQHandler                      0x0800070c   Section        0  main.o(i.USART2_IRQHandler)
    i.USART_BRR                              0x08000724   Section        0  uart_drive.o(i.USART_BRR)
    i.__NVIC_EnableIRQ                       0x080007fc   Section        0  uart_drive.o(i.__NVIC_EnableIRQ)
    __NVIC_EnableIRQ                         0x080007fd   Thumb Code    34  uart_drive.o(i.__NVIC_EnableIRQ)
    i.adc_check                              0x08000820   Section        0  adc_drive.o(i.adc_check)
    i.adc_multi_ch_init                      0x08000850   Section        0  adc_drive.o(i.adc_multi_ch_init)
    i.adc_multi_ch_rx                        0x08000948   Section        0  adc_drive.o(i.adc_multi_ch_rx)
    i.get_time_micros                        0x080009d4   Section        0  timer_drive.o(i.get_time_micros)
    i.get_timer                              0x080009f0   Section        0  timer_drive.o(i.get_timer)
    i.init_GP                                0x08000a28   Section        0  gp_drive.o(i.init_GP)
    i.int2char                               0x08000adc   Section        0  help_func.o(i.int2char)
    i.len_str                                0x08000b3a   Section        0  help_func.o(i.len_str)
    i.main                                   0x08000b4c   Section        0  main.o(i.main)
    i.make_msg_check                         0x08000c38   Section        0  msg_drive.o(i.make_msg_check)
    i.str_empty                              0x08000cac   Section        0  help_func.o(i.str_empty)
    i.sync                                   0x08000cc0   Section        0  msg_drive.o(i.sync)
    i.systick_init                           0x08000d0c   Section        0  systick_time.o(i.systick_init)
    i.systick_int_start                      0x08000d24   Section        0  systick_time.o(i.systick_int_start)
    i.timer_start_micros                     0x08000d48   Section        0  timer_drive.o(i.timer_start_micros)
    x$fpl$dadd                               0x08000d94   Section      336  daddsub_clz.o(x$fpl$dadd)
    _dadd1                                   0x08000da5   Thumb Code     0  daddsub_clz.o(x$fpl$dadd)
    x$fpl$dcmpinf                            0x08000ee4   Section       24  dcmpi.o(x$fpl$dcmpinf)
    x$fpl$ddiv                               0x08000efc   Section      688  ddiv.o(x$fpl$ddiv)
    ddiv_entry                               0x08000f03   Thumb Code     0  ddiv.o(x$fpl$ddiv)
    x$fpl$dfixu                              0x080011ac   Section       90  dfixu.o(x$fpl$dfixu)
    x$fpl$dfltu                              0x08001206   Section       38  dflt_clz.o(x$fpl$dfltu)
    x$fpl$dleqf                              0x0800122c   Section      120  dleqf.o(x$fpl$dleqf)
    x$fpl$dmul                               0x080012a4   Section      340  dmul.o(x$fpl$dmul)
    x$fpl$dnaninf                            0x080013f8   Section      156  dnaninf.o(x$fpl$dnaninf)
    x$fpl$dretinf                            0x08001494   Section       12  dretinf.o(x$fpl$dretinf)
    x$fpl$drleqf                             0x080014a0   Section      108  drleqf.o(x$fpl$drleqf)
    x$fpl$drsb                               0x0800150c   Section       22  daddsub_clz.o(x$fpl$drsb)
    x$fpl$dsub                               0x08001524   Section      468  daddsub_clz.o(x$fpl$dsub)
    _dsub1                                   0x08001535   Thumb Code     0  daddsub_clz.o(x$fpl$dsub)
    .constdata                               0x080016f8   Section      220  msg_drive.o(.constdata)
    x$fpl$usenofp                            0x080016f8   Section        0  usenofp.o(x$fpl$usenofp)
    .data                                    0x20000000   Section       48  main.o(.data)
    .bss                                     0x20000030   Section      168  main.o(.bss)
    .bss                                     0x200000d8   Section       96  libspace.o(.bss)
    HEAP                                     0x20000138   Section      512  startup_stm32f10x_md.o(HEAP)
    Heap_Mem                                 0x20000138   Data         512  startup_stm32f10x_md.o(HEAP)
    STACK                                    0x20000338   Section     1024  startup_stm32f10x_md.o(STACK)
    Stack_Mem                                0x20000338   Data        1024  startup_stm32f10x_md.o(STACK)
    __initial_sp                             0x20000738   Data           0  startup_stm32f10x_md.o(STACK)

    Global Symbols

    Symbol Name                              Value     Ov Type        Size  Object(Section)

    BuildAttributes$$THM_ISAv4$P$D$K$B$S$PE$A:L22UL41UL21$X:L11$S22US41US21$IEEE1$IW$USESV6$~STKCKD$USESV7$~SHL$OSPACE$ROPI$EBA8$UX$STANDARDLIB$REQ8$PRES8$EABIv2 0x00000000   Number         0  anon$$obj.o ABSOLUTE
    __ARM_use_no_argv                        0x00000000   Number         0  main.o ABSOLUTE
    __ARM_exceptions_init                     - Undefined Weak Reference
    __alloca_initialize                       - Undefined Weak Reference
    __arm_preinit_                            - Undefined Weak Reference
    __cpp_initialize__aeabi_                  - Undefined Weak Reference
    __cxa_finalize                            - Undefined Weak Reference
    __rt_locale                               - Undefined Weak Reference
    __sigvec_lookup                           - Undefined Weak Reference
    _atexit_init                              - Undefined Weak Reference
    _call_atexit_fns                          - Undefined Weak Reference
    _clock_init                               - Undefined Weak Reference
    _fp_trap_init                             - Undefined Weak Reference
    _fp_trap_shutdown                         - Undefined Weak Reference
    _get_lc_collate                           - Undefined Weak Reference
    _get_lc_ctype                             - Undefined Weak Reference
    _get_lc_monetary                          - Undefined Weak Reference
    _get_lc_numeric                           - Undefined Weak Reference
    _get_lc_time                              - Undefined Weak Reference
    _getenv_init                              - Undefined Weak Reference
    _handle_redirection                       - Undefined Weak Reference
    _init_alloc                               - Undefined Weak Reference
    _init_user_alloc                          - Undefined Weak Reference
    _initio                                   - Undefined Weak Reference
    _rand_init                                - Undefined Weak Reference
    _signal_finish                            - Undefined Weak Reference
    _signal_init                              - Undefined Weak Reference
    _terminate_alloc                          - Undefined Weak Reference
    _terminate_user_alloc                     - Undefined Weak Reference
    _terminateio                              - Undefined Weak Reference
    __Vectors_Size                           0x000000ec   Number         0  startup_stm32f10x_md.o ABSOLUTE
    __Vectors                                0x08000000   Data           4  startup_stm32f10x_md.o(RESET)
    __Vectors_End                            0x080000ec   Data           0  startup_stm32f10x_md.o(RESET)
    __main                                   0x080000ed   Thumb Code     8  __main.o(!!!main)
    __scatterload                            0x080000f5   Thumb Code     0  __scatter.o(!!!scatter)
    __scatterload_rt2                        0x080000f5   Thumb Code    44  __scatter.o(!!!scatter)
    __scatterload_rt2_thumb_only             0x080000f5   Thumb Code     0  __scatter.o(!!!scatter)
    __scatterload_null                       0x08000103   Thumb Code     0  __scatter.o(!!!scatter)
    __scatterload_copy                       0x08000129   Thumb Code    26  __scatter_copy.o(!!handler_copy)
    __scatterload_zeroinit                   0x08000145   Thumb Code    28  __scatter_zi.o(!!handler_zi)
    __rt_lib_init                            0x08000161   Thumb Code     0  libinit.o(.ARM.Collect$$libinit$$00000000)
    __rt_lib_init_alloca_1                   0x08000163   Thumb Code     0  libinit2.o(.ARM.Collect$$libinit$$0000002E)
    __rt_lib_init_argv_1                     0x08000163   Thumb Code     0  libinit2.o(.ARM.Collect$$libinit$$0000002C)
    __rt_lib_init_atexit_1                   0x08000163   Thumb Code     0  libinit2.o(.ARM.Collect$$libinit$$0000001B)
    __rt_lib_init_clock_1                    0x08000163   Thumb Code     0  libinit2.o(.ARM.Collect$$libinit$$00000021)
    __rt_lib_init_cpp_1                      0x08000163   Thumb Code     0  libinit2.o(.ARM.Collect$$libinit$$00000032)
    __rt_lib_init_exceptions_1               0x08000163   Thumb Code     0  libinit2.o(.ARM.Collect$$libinit$$00000030)
    __rt_lib_init_fp_1                       0x08000163   Thumb Code     0  libinit2.o(.ARM.Collect$$libinit$$00000002)
    __rt_lib_init_fp_trap_1                  0x08000163   Thumb Code     0  libinit2.o(.ARM.Collect$$libinit$$0000001F)
    __rt_lib_init_getenv_1                   0x08000163   Thumb Code     0  libinit2.o(.ARM.Collect$$libinit$$00000023)
    __rt_lib_init_heap_1                     0x08000163   Thumb Code     0  libinit2.o(.ARM.Collect$$libinit$$0000000A)
    __rt_lib_init_lc_collate_1               0x08000163   Thumb Code     0  libinit2.o(.ARM.Collect$$libinit$$00000011)
    __rt_lib_init_lc_ctype_1                 0x08000163   Thumb Code     0  libinit2.o(.ARM.Collect$$libinit$$00000013)
    __rt_lib_init_lc_monetary_1              0x08000163   Thumb Code     0  libinit2.o(.ARM.Collect$$libinit$$00000015)
    __rt_lib_init_lc_numeric_1               0x08000163   Thumb Code     0  libinit2.o(.ARM.Collect$$libinit$$00000017)
    __rt_lib_init_lc_time_1                  0x08000163   Thumb Code     0  libinit2.o(.ARM.Collect$$libinit$$00000019)
    __rt_lib_init_preinit_1                  0x08000163   Thumb Code     0  libinit2.o(.ARM.Collect$$libinit$$00000004)
    __rt_lib_init_rand_1                     0x08000163   Thumb Code     0  libinit2.o(.ARM.Collect$$libinit$$0000000E)
    __rt_lib_init_return                     0x08000163   Thumb Code     0  libinit2.o(.ARM.Collect$$libinit$$00000033)
    __rt_lib_init_signal_1                   0x08000163   Thumb Code     0  libinit2.o(.ARM.Collect$$libinit$$0000001D)
    __rt_lib_init_stdio_1                    0x08000163   Thumb Code     0  libinit2.o(.ARM.Collect$$libinit$$00000025)
    __rt_lib_init_user_alloc_1               0x08000163   Thumb Code     0  libinit2.o(.ARM.Collect$$libinit$$0000000C)
    __rt_lib_shutdown                        0x08000165   Thumb Code     0  libshutdown.o(.ARM.Collect$$libshutdown$$00000000)
    __rt_lib_shutdown_cpp_1                  0x08000167   Thumb Code     0  libshutdown2.o(.ARM.Collect$$libshutdown$$00000002)
    __rt_lib_shutdown_fp_trap_1              0x08000167   Thumb Code     0  libshutdown2.o(.ARM.Collect$$libshutdown$$00000007)
    __rt_lib_shutdown_heap_1                 0x08000167   Thumb Code     0  libshutdown2.o(.ARM.Collect$$libshutdown$$0000000F)
    __rt_lib_shutdown_return                 0x08000167   Thumb Code     0  libshutdown2.o(.ARM.Collect$$libshutdown$$00000010)
    __rt_lib_shutdown_signal_1               0x08000167   Thumb Code     0  libshutdown2.o(.ARM.Collect$$libshutdown$$0000000A)
    __rt_lib_shutdown_stdio_1                0x08000167   Thumb Code     0  libshutdown2.o(.ARM.Collect$$libshutdown$$00000004)
    __rt_lib_shutdown_user_alloc_1           0x08000167   Thumb Code     0  libshutdown2.o(.ARM.Collect$$libshutdown$$0000000C)
    __rt_entry                               0x08000169   Thumb Code     0  __rtentry.o(.ARM.Collect$$rtentry$$00000000)
    __rt_entry_presh_1                       0x08000169   Thumb Code     0  __rtentry2.o(.ARM.Collect$$rtentry$$00000002)
    __rt_entry_sh                            0x08000169   Thumb Code     0  __rtentry4.o(.ARM.Collect$$rtentry$$00000004)
    __rt_entry_li                            0x0800016f   Thumb Code     0  __rtentry2.o(.ARM.Collect$$rtentry$$0000000A)
    __rt_entry_postsh_1                      0x0800016f   Thumb Code     0  __rtentry2.o(.ARM.Collect$$rtentry$$00000009)
    __rt_entry_main                          0x08000173   Thumb Code     0  __rtentry2.o(.ARM.Collect$$rtentry$$0000000D)
    __rt_entry_postli_1                      0x08000173   Thumb Code     0  __rtentry2.o(.ARM.Collect$$rtentry$$0000000C)
    __rt_exit                                0x0800017b   Thumb Code     0  rtexit.o(.ARM.Collect$$rtexit$$00000000)
    __rt_exit_ls                             0x0800017d   Thumb Code     0  rtexit2.o(.ARM.Collect$$rtexit$$00000003)
    __rt_exit_prels_1                        0x0800017d   Thumb Code     0  rtexit2.o(.ARM.Collect$$rtexit$$00000002)
    __rt_exit_exit                           0x08000181   Thumb Code     0  rtexit2.o(.ARM.Collect$$rtexit$$00000004)
    Reset_Handler                            0x08000189   Thumb Code     8  startup_stm32f10x_md.o(.text)
    NMI_Handler                              0x08000191   Thumb Code     2  startup_stm32f10x_md.o(.text)
    HardFault_Handler                        0x08000193   Thumb Code     2  startup_stm32f10x_md.o(.text)
    MemManage_Handler                        0x08000195   Thumb Code     2  startup_stm32f10x_md.o(.text)
    BusFault_Handler                         0x08000197   Thumb Code     2  startup_stm32f10x_md.o(.text)
    UsageFault_Handler                       0x08000199   Thumb Code     2  startup_stm32f10x_md.o(.text)
    SVC_Handler                              0x0800019b   Thumb Code     2  startup_stm32f10x_md.o(.text)
    DebugMon_Handler                         0x0800019d   Thumb Code     2  startup_stm32f10x_md.o(.text)
    PendSV_Handler                           0x0800019f   Thumb Code     2  startup_stm32f10x_md.o(.text)
    SysTick_Handler                          0x080001a1   Thumb Code     2  startup_stm32f10x_md.o(.text)
    ADC1_2_IRQHandler                        0x080001a3   Thumb Code     0  startup_stm32f10x_md.o(.text)
    CAN1_RX1_IRQHandler                      0x080001a3   Thumb Code     0  startup_stm32f10x_md.o(.text)
    CAN1_SCE_IRQHandler                      0x080001a3   Thumb Code     0  startup_stm32f10x_md.o(.text)
    DMA1_Channel1_IRQHandler                 0x080001a3   Thumb Code     0  startup_stm32f10x_md.o(.text)
    DMA1_Channel2_IRQHandler                 0x080001a3   Thumb Code     0  startup_stm32f10x_md.o(.text)
    DMA1_Channel3_IRQHandler                 0x080001a3   Thumb Code     0  startup_stm32f10x_md.o(.text)
    DMA1_Channel4_IRQHandler                 0x080001a3   Thumb Code     0  startup_stm32f10x_md.o(.text)
    DMA1_Channel5_IRQHandler                 0x080001a3   Thumb Code     0  startup_stm32f10x_md.o(.text)
    DMA1_Channel6_IRQHandler                 0x080001a3   Thumb Code     0  startup_stm32f10x_md.o(.text)
    DMA1_Channel7_IRQHandler                 0x080001a3   Thumb Code     0  startup_stm32f10x_md.o(.text)
    EXTI0_IRQHandler                         0x080001a3   Thumb Code     0  startup_stm32f10x_md.o(.text)
    EXTI15_10_IRQHandler                     0x080001a3   Thumb Code     0  startup_stm32f10x_md.o(.text)
    EXTI1_IRQHandler                         0x080001a3   Thumb Code     0  startup_stm32f10x_md.o(.text)
    EXTI2_IRQHandler                         0x080001a3   Thumb Code     0  startup_stm32f10x_md.o(.text)
    EXTI3_IRQHandler                         0x080001a3   Thumb Code     0  startup_stm32f10x_md.o(.text)
    EXTI4_IRQHandler                         0x080001a3   Thumb Code     0  startup_stm32f10x_md.o(.text)
    EXTI9_5_IRQHandler                       0x080001a3   Thumb Code     0  startup_stm32f10x_md.o(.text)
    FLASH_IRQHandler                         0x080001a3   Thumb Code     0  startup_stm32f10x_md.o(.text)
    I2C1_ER_IRQHandler                       0x080001a3   Thumb Code     0  startup_stm32f10x_md.o(.text)
    I2C1_EV_IRQHandler                       0x080001a3   Thumb Code     0  startup_stm32f10x_md.o(.text)
    I2C2_ER_IRQHandler                       0x080001a3   Thumb Code     0  startup_stm32f10x_md.o(.text)
    I2C2_EV_IRQHandler                       0x080001a3   Thumb Code     0  startup_stm32f10x_md.o(.text)
    PVD_IRQHandler                           0x080001a3   Thumb Code     0  startup_stm32f10x_md.o(.text)
    RCC_IRQHandler                           0x080001a3   Thumb Code     0  startup_stm32f10x_md.o(.text)
    RTCAlarm_IRQHandler                      0x080001a3   Thumb Code     0  startup_stm32f10x_md.o(.text)
    RTC_IRQHandler                           0x080001a3   Thumb Code     0  startup_stm32f10x_md.o(.text)
    SPI1_IRQHandler                          0x080001a3   Thumb Code     0  startup_stm32f10x_md.o(.text)
    SPI2_IRQHandler                          0x080001a3   Thumb Code     0  startup_stm32f10x_md.o(.text)
    TAMPER_IRQHandler                        0x080001a3   Thumb Code     0  startup_stm32f10x_md.o(.text)
    TIM1_BRK_IRQHandler                      0x080001a3   Thumb Code     0  startup_stm32f10x_md.o(.text)
    TIM1_CC_IRQHandler                       0x080001a3   Thumb Code     0  startup_stm32f10x_md.o(.text)
    TIM1_TRG_COM_IRQHandler                  0x080001a3   Thumb Code     0  startup_stm32f10x_md.o(.text)
    TIM1_UP_IRQHandler                       0x080001a3   Thumb Code     0  startup_stm32f10x_md.o(.text)
    TIM2_IRQHandler                          0x080001a3   Thumb Code     0  startup_stm32f10x_md.o(.text)
    TIM3_IRQHandler                          0x080001a3   Thumb Code     0  startup_stm32f10x_md.o(.text)
    TIM4_IRQHandler                          0x080001a3   Thumb Code     0  startup_stm32f10x_md.o(.text)
    USART1_IRQHandler                        0x080001a3   Thumb Code     0  startup_stm32f10x_md.o(.text)
    USART3_IRQHandler                        0x080001a3   Thumb Code     0  startup_stm32f10x_md.o(.text)
    USBWakeUp_IRQHandler                     0x080001a3   Thumb Code     0  startup_stm32f10x_md.o(.text)
    USB_HP_CAN1_TX_IRQHandler                0x080001a3   Thumb Code     0  startup_stm32f10x_md.o(.text)
    USB_LP_CAN1_RX0_IRQHandler               0x080001a3   Thumb Code     0  startup_stm32f10x_md.o(.text)
    WWDG_IRQHandler                          0x080001a3   Thumb Code     0  startup_stm32f10x_md.o(.text)
    __user_initial_stackheap                 0x080001a5   Thumb Code     0  startup_stm32f10x_md.o(.text)
    __aeabi_memcpy4                          0x080001c9   Thumb Code     0  rt_memcpy_w.o(.text)
    __aeabi_memcpy8                          0x080001c9   Thumb Code     0  rt_memcpy_w.o(.text)
    __rt_memcpy_w                            0x080001c9   Thumb Code   100  rt_memcpy_w.o(.text)
    _memcpy_lastbytes_aligned                0x08000211   Thumb Code     0  rt_memcpy_w.o(.text)
    __use_two_region_memory                  0x0800022d   Thumb Code     2  heapauxi.o(.text)
    __rt_heap_escrow$2region                 0x0800022f   Thumb Code     2  heapauxi.o(.text)
    __rt_heap_expand$2region                 0x08000231   Thumb Code     2  heapauxi.o(.text)
    __user_setup_stackheap                   0x08000233   Thumb Code    74  sys_stackheap_outer.o(.text)
    exit                                     0x0800027d   Thumb Code    18  exit.o(.text)
    __user_libspace                          0x08000291   Thumb Code     8  libspace.o(.text)
    __user_perproc_libspace                  0x08000291   Thumb Code     0  libspace.o(.text)
    __user_perthread_libspace                0x08000291   Thumb Code     0  libspace.o(.text)
    _sys_exit                                0x08000299   Thumb Code     8  sys_exit.o(.text)
    __I$use$semihosting                      0x080002a5   Thumb Code     0  use_no_semi.o(.text)
    __use_no_semihosting_swi                 0x080002a5   Thumb Code     2  use_no_semi.o(.text)
    Concatstr                                0x080002a7   Thumb Code    36  help_func.o(i.Concatstr)
    __semihosting_library_function           0x080002a7   Thumb Code     0  indicate_semi.o(.text)
    DelayMillis                              0x080002cd   Thumb Code    30  systick_time.o(i.DelayMillis)
    DelayMs                                  0x080002f1   Thumb Code    18  systick_time.o(i.DelayMs)
    InsertData                               0x08000305   Thumb Code    60  msg_drive.o(i.InsertData)
    SystemInit                               0x0800042d   Thumb Code    78  system_stm32f10x.o(i.SystemInit)
    UART_ISR                                 0x0800048d   Thumb Code    88  uart_drive.o(i.UART_ISR)
    UART_RX                                  0x080004e5   Thumb Code    84  uart_drive.o(i.UART_RX)
    UART_SEND                                0x08000545   Thumb Code    28  uart_drive.o(i.UART_SEND)
    UART_TX                                  0x08000561   Thumb Code    76  uart_drive.o(i.UART_TX)
    UART_init                                0x080005b9   Thumb Code   322  uart_drive.o(i.UART_init)
    USART2_IRQHandler                        0x0800070d   Thumb Code    14  main.o(i.USART2_IRQHandler)
    USART_BRR                                0x08000725   Thumb Code   192  uart_drive.o(i.USART_BRR)
    adc_check                                0x08000821   Thumb Code    40  adc_drive.o(i.adc_check)
    adc_multi_ch_init                        0x08000851   Thumb Code   236  adc_drive.o(i.adc_multi_ch_init)
    adc_multi_ch_rx                          0x08000949   Thumb Code   132  adc_drive.o(i.adc_multi_ch_rx)
    get_time_micros                          0x080009d5   Thumb Code    28  timer_drive.o(i.get_time_micros)
    get_timer                                0x080009f1   Thumb Code    42  timer_drive.o(i.get_timer)
    init_GP                                  0x08000a29   Thumb Code   164  gp_drive.o(i.init_GP)
    int2char                                 0x08000add   Thumb Code    94  help_func.o(i.int2char)
    len_str                                  0x08000b3b   Thumb Code    16  help_func.o(i.len_str)
    main                                     0x08000b4d   Thumb Code   192  main.o(i.main)
    make_msg_check                           0x08000c39   Thumb Code   108  msg_drive.o(i.make_msg_check)
    str_empty                                0x08000cad   Thumb Code    18  help_func.o(i.str_empty)
    sync                                     0x08000cc1   Thumb Code    66  msg_drive.o(i.sync)
    systick_init                             0x08000d0d   Thumb Code    24  systick_time.o(i.systick_init)
    systick_int_start                        0x08000d25   Thumb Code    32  systick_time.o(i.systick_int_start)
    timer_start_micros                       0x08000d49   Thumb Code    72  timer_drive.o(i.timer_start_micros)
    __aeabi_dadd                             0x08000d95   Thumb Code     0  daddsub_clz.o(x$fpl$dadd)
    _dadd                                    0x08000d95   Thumb Code   332  daddsub_clz.o(x$fpl$dadd)
    __fpl_dcmp_Inf                           0x08000ee5   Thumb Code    24  dcmpi.o(x$fpl$dcmpinf)
    __aeabi_ddiv                             0x08000efd   Thumb Code     0  ddiv.o(x$fpl$ddiv)
    _ddiv                                    0x08000efd   Thumb Code   552  ddiv.o(x$fpl$ddiv)
    __aeabi_d2uiz                            0x080011ad   Thumb Code     0  dfixu.o(x$fpl$dfixu)
    _dfixu                                   0x080011ad   Thumb Code    90  dfixu.o(x$fpl$dfixu)
    __aeabi_ui2d                             0x08001207   Thumb Code     0  dflt_clz.o(x$fpl$dfltu)
    _dfltu                                   0x08001207   Thumb Code    38  dflt_clz.o(x$fpl$dfltu)
    __aeabi_cdcmple                          0x0800122d   Thumb Code     0  dleqf.o(x$fpl$dleqf)
    _dcmple                                  0x0800122d   Thumb Code   120  dleqf.o(x$fpl$dleqf)
    __fpl_dcmple_InfNaN                      0x0800128f   Thumb Code     0  dleqf.o(x$fpl$dleqf)
    __aeabi_dmul                             0x080012a5   Thumb Code     0  dmul.o(x$fpl$dmul)
    _dmul                                    0x080012a5   Thumb Code   332  dmul.o(x$fpl$dmul)
    __fpl_dnaninf                            0x080013f9   Thumb Code   156  dnaninf.o(x$fpl$dnaninf)
    __fpl_dretinf                            0x08001495   Thumb Code    12  dretinf.o(x$fpl$dretinf)
    __aeabi_cdrcmple                         0x080014a1   Thumb Code     0  drleqf.o(x$fpl$drleqf)
    _drcmple                                 0x080014a1   Thumb Code   108  drleqf.o(x$fpl$drleqf)
    __aeabi_drsub                            0x0800150d   Thumb Code     0  daddsub_clz.o(x$fpl$drsb)
    _drsb                                    0x0800150d   Thumb Code    22  daddsub_clz.o(x$fpl$drsb)
    __aeabi_dsub                             0x08001525   Thumb Code     0  daddsub_clz.o(x$fpl$dsub)
    _dsub                                    0x08001525   Thumb Code   464  daddsub_clz.o(x$fpl$dsub)
    __I$use$fp                               0x080016f8   Number         0  usenofp.o(x$fpl$usenofp)
    Region$$Table$$Base                      0x080017d4   Number         0  anon$$obj.o(Region$$Table)
    Region$$Table$$Limit                     0x080017f4   Number         0  anon$$obj.o(Region$$Table)
    adc_channels                             0x20000000   Data          17  main.o(.data)
    channels                                 0x20000011   Data           1  main.o(.data)
    uart_2_mgr                               0x20000012   Data          14  main.o(.data)
    stream                                   0x20000020   Data           1  main.o(.data)
    start_time                               0x20000024   Data           4  main.o(.data)
    adc_rx_time                              0x20000028   Data           4  main.o(.data)
    complete_time                            0x2000002c   Data           4  main.o(.data)
    analog_rx                                0x20000030   Data          68  main.o(.bss)
    USART_2_msg                              0x20000074   Data         100  main.o(.bss)
    __libspace_start                         0x200000d8   Data          96  libspace.o(.bss)
    __temporary_stack_top$libspace           0x20000138   Data           0  libspace.o(.bss)



==============================================================================

Memory Map of the image

  Image Entry point : 0x08000189

  Load Region LR_1 (Base: 0x08000000, Size: 0x00001824, Max: 0xffffffff, ABSOLUTE)

    Execution Region ER_RO (Exec base: 0x08000000, Load base: 0x08000000, Size: 0x000017f4, Max: 0xffffffff, ABSOLUTE)

    Exec Addr    Load Addr    Size         Type   Attr      Idx    E Section Name        Object

    0x08000000   0x08000000   0x000000ec   Data   RO          683    RESET               startup_stm32f10x_md.o
    0x080000ec   0x080000ec   0x00000008   Code   RO          740  * !!!main             c_w.l(__main.o)
    0x080000f4   0x080000f4   0x00000034   Code   RO          930    !!!scatter          c_w.l(__scatter.o)
    0x08000128   0x08000128   0x0000001a   Code   RO          932    !!handler_copy      c_w.l(__scatter_copy.o)
    0x08000142   0x08000142   0x00000002   PAD
    0x08000144   0x08000144   0x0000001c   Code   RO          934    !!handler_zi        c_w.l(__scatter_zi.o)
    0x08000160   0x08000160   0x00000002   Code   RO          800    .ARM.Collect$$libinit$$00000000  c_w.l(libinit.o)
    0x08000162   0x08000162   0x00000000   Code   RO          807    .ARM.Collect$$libinit$$00000002  c_w.l(libinit2.o)
    0x08000162   0x08000162   0x00000000   Code   RO          809    .ARM.Collect$$libinit$$00000004  c_w.l(libinit2.o)
    0x08000162   0x08000162   0x00000000   Code   RO          812    .ARM.Collect$$libinit$$0000000A  c_w.l(libinit2.o)
    0x08000162   0x08000162   0x00000000   Code   RO          814    .ARM.Collect$$libinit$$0000000C  c_w.l(libinit2.o)
    0x08000162   0x08000162   0x00000000   Code   RO          816    .ARM.Collect$$libinit$$0000000E  c_w.l(libinit2.o)
    0x08000162   0x08000162   0x00000000   Code   RO          819    .ARM.Collect$$libinit$$00000011  c_w.l(libinit2.o)
    0x08000162   0x08000162   0x00000000   Code   RO          821    .ARM.Collect$$libinit$$00000013  c_w.l(libinit2.o)
    0x08000162   0x08000162   0x00000000   Code   RO          823    .ARM.Collect$$libinit$$00000015  c_w.l(libinit2.o)
    0x08000162   0x08000162   0x00000000   Code   RO          825    .ARM.Collect$$libinit$$00000017  c_w.l(libinit2.o)
    0x08000162   0x08000162   0x00000000   Code   RO          827    .ARM.Collect$$libinit$$00000019  c_w.l(libinit2.o)
    0x08000162   0x08000162   0x00000000   Code   RO          829    .ARM.Collect$$libinit$$0000001B  c_w.l(libinit2.o)
    0x08000162   0x08000162   0x00000000   Code   RO          831    .ARM.Collect$$libinit$$0000001D  c_w.l(libinit2.o)
    0x08000162   0x08000162   0x00000000   Code   RO          833    .ARM.Collect$$libinit$$0000001F  c_w.l(libinit2.o)
    0x08000162   0x08000162   0x00000000   Code   RO          835    .ARM.Collect$$libinit$$00000021  c_w.l(libinit2.o)
    0x08000162   0x08000162   0x00000000   Code   RO          837    .ARM.Collect$$libinit$$00000023  c_w.l(libinit2.o)
    0x08000162   0x08000162   0x00000000   Code   RO          839    .ARM.Collect$$libinit$$00000025  c_w.l(libinit2.o)
    0x08000162   0x08000162   0x00000000   Code   RO          843    .ARM.Collect$$libinit$$0000002C  c_w.l(libinit2.o)
    0x08000162   0x08000162   0x00000000   Code   RO          845    .ARM.Collect$$libinit$$0000002E  c_w.l(libinit2.o)
    0x08000162   0x08000162   0x00000000   Code   RO          847    .ARM.Collect$$libinit$$00000030  c_w.l(libinit2.o)
    0x08000162   0x08000162   0x00000000   Code   RO          849    .ARM.Collect$$libinit$$00000032  c_w.l(libinit2.o)
    0x08000162   0x08000162   0x00000002   Code   RO          850    .ARM.Collect$$libinit$$00000033  c_w.l(libinit2.o)
    0x08000164   0x08000164   0x00000002   Code   RO          870    .ARM.Collect$$libshutdown$$00000000  c_w.l(libshutdown.o)
    0x08000166   0x08000166   0x00000000   Code   RO          883    .ARM.Collect$$libshutdown$$00000002  c_w.l(libshutdown2.o)
    0x08000166   0x08000166   0x00000000   Code   RO          885    .ARM.Collect$$libshutdown$$00000004  c_w.l(libshutdown2.o)
    0x08000166   0x08000166   0x00000000   Code   RO          888    .ARM.Collect$$libshutdown$$00000007  c_w.l(libshutdown2.o)
    0x08000166   0x08000166   0x00000000   Code   RO          891    .ARM.Collect$$libshutdown$$0000000A  c_w.l(libshutdown2.o)
    0x08000166   0x08000166   0x00000000   Code   RO          893    .ARM.Collect$$libshutdown$$0000000C  c_w.l(libshutdown2.o)
    0x08000166   0x08000166   0x00000000   Code   RO          896    .ARM.Collect$$libshutdown$$0000000F  c_w.l(libshutdown2.o)
    0x08000166   0x08000166   0x00000002   Code   RO          897    .ARM.Collect$$libshutdown$$00000010  c_w.l(libshutdown2.o)
    0x08000168   0x08000168   0x00000000   Code   RO          766    .ARM.Collect$$rtentry$$00000000  c_w.l(__rtentry.o)
    0x08000168   0x08000168   0x00000000   Code   RO          775    .ARM.Collect$$rtentry$$00000002  c_w.l(__rtentry2.o)
    0x08000168   0x08000168   0x00000006   Code   RO          787    .ARM.Collect$$rtentry$$00000004  c_w.l(__rtentry4.o)
    0x0800016e   0x0800016e   0x00000000   Code   RO          777    .ARM.Collect$$rtentry$$00000009  c_w.l(__rtentry2.o)
    0x0800016e   0x0800016e   0x00000004   Code   RO          778    .ARM.Collect$$rtentry$$0000000A  c_w.l(__rtentry2.o)
    0x08000172   0x08000172   0x00000000   Code   RO          780    .ARM.Collect$$rtentry$$0000000C  c_w.l(__rtentry2.o)
    0x08000172   0x08000172   0x00000008   Code   RO          781    .ARM.Collect$$rtentry$$0000000D  c_w.l(__rtentry2.o)
    0x0800017a   0x0800017a   0x00000002   Code   RO          804    .ARM.Collect$$rtexit$$00000000  c_w.l(rtexit.o)
    0x0800017c   0x0800017c   0x00000000   Code   RO          852    .ARM.Collect$$rtexit$$00000002  c_w.l(rtexit2.o)
    0x0800017c   0x0800017c   0x00000004   Code   RO          853    .ARM.Collect$$rtexit$$00000003  c_w.l(rtexit2.o)
    0x08000180   0x08000180   0x00000006   Code   RO          854    .ARM.Collect$$rtexit$$00000004  c_w.l(rtexit2.o)
    0x08000186   0x08000186   0x00000002   PAD
    0x08000188   0x08000188   0x00000040   Code   RO          684  * .text               startup_stm32f10x_md.o
    0x080001c8   0x080001c8   0x00000064   Code   RO          736    .text               c_w.l(rt_memcpy_w.o)
    0x0800022c   0x0800022c   0x00000006   Code   RO          738    .text               c_w.l(heapauxi.o)
    0x08000232   0x08000232   0x0000004a   Code   RO          791    .text               c_w.l(sys_stackheap_outer.o)
    0x0800027c   0x0800027c   0x00000012   Code   RO          793    .text               c_w.l(exit.o)
    0x0800028e   0x0800028e   0x00000002   PAD
    0x08000290   0x08000290   0x00000008   Code   RO          801    .text               c_w.l(libspace.o)
    0x08000298   0x08000298   0x0000000c   Code   RO          862    .text               c_w.l(sys_exit.o)
    0x080002a4   0x080002a4   0x00000002   Code   RO          873    .text               c_w.l(use_no_semi.o)
    0x080002a6   0x080002a6   0x00000000   Code   RO          875    .text               c_w.l(indicate_semi.o)
    0x080002a6   0x080002a6   0x00000024   Code   RO          223    i.Concatstr         help_func.o
    0x080002ca   0x080002ca   0x00000002   PAD
    0x080002cc   0x080002cc   0x00000024   Code   RO          335    i.DelayMillis       systick_time.o
    0x080002f0   0x080002f0   0x00000012   Code   RO          336    i.DelayMs           systick_time.o
    0x08000302   0x08000302   0x00000002   PAD
    0x08000304   0x08000304   0x00000040   Code   RO          280    i.InsertData        msg_drive.o
    0x08000344   0x08000344   0x00000008   Code   RO          691    i.SetSysClock       system_stm32f10x.o
    0x0800034c   0x0800034c   0x000000e0   Code   RO          692    i.SetSysClockTo72   system_stm32f10x.o
    0x0800042c   0x0800042c   0x00000060   Code   RO          694    i.SystemInit        system_stm32f10x.o
    0x0800048c   0x0800048c   0x00000058   Code   RO          395    i.UART_ISR          uart_drive.o
    0x080004e4   0x080004e4   0x00000060   Code   RO          396    i.UART_RX           uart_drive.o
    0x08000544   0x08000544   0x0000001c   Code   RO          397    i.UART_SEND         uart_drive.o
    0x08000560   0x08000560   0x00000058   Code   RO          398    i.UART_TX           uart_drive.o
    0x080005b8   0x080005b8   0x00000154   Code   RO          399    i.UART_init         uart_drive.o
    0x0800070c   0x0800070c   0x00000018   Code   RO            4    i.USART2_IRQHandler  main.o
    0x08000724   0x08000724   0x000000d8   Code   RO          401    i.USART_BRR         uart_drive.o
    0x080007fc   0x080007fc   0x00000022   Code   RO          402    i.__NVIC_EnableIRQ  uart_drive.o
    0x0800081e   0x0800081e   0x00000002   PAD
    0x08000820   0x08000820   0x00000030   Code   RO           83    i.adc_check         adc_drive.o
    0x08000850   0x08000850   0x000000f8   Code   RO           86    i.adc_multi_ch_init  adc_drive.o
    0x08000948   0x08000948   0x0000008c   Code   RO           87    i.adc_multi_ch_rx   adc_drive.o
    0x080009d4   0x080009d4   0x0000001c   Code   RO          468    i.get_time_micros   timer_drive.o
    0x080009f0   0x080009f0   0x00000038   Code   RO          470    i.get_timer         timer_drive.o
    0x08000a28   0x08000a28   0x000000b4   Code   RO          161    i.init_GP           gp_drive.o
    0x08000adc   0x08000adc   0x0000005e   Code   RO          227    i.int2char          help_func.o
    0x08000b3a   0x08000b3a   0x00000010   Code   RO          228    i.len_str           help_func.o
    0x08000b4a   0x08000b4a   0x00000002   PAD
    0x08000b4c   0x08000b4c   0x000000ec   Code   RO            5    i.main              main.o
    0x08000c38   0x08000c38   0x00000074   Code   RO          283    i.make_msg_check    msg_drive.o
    0x08000cac   0x08000cac   0x00000012   Code   RO          229    i.str_empty         help_func.o
    0x08000cbe   0x08000cbe   0x00000002   PAD
    0x08000cc0   0x08000cc0   0x0000004c   Code   RO          284    i.sync              msg_drive.o
    0x08000d0c   0x08000d0c   0x00000018   Code   RO          339    i.systick_init      systick_time.o
    0x08000d24   0x08000d24   0x00000024   Code   RO          341    i.systick_int_start  systick_time.o
    0x08000d48   0x08000d48   0x0000004c   Code   RO          491    i.timer_start_micros  timer_drive.o
    0x08000d94   0x08000d94   0x00000150   Code   RO          742    x$fpl$dadd          fz_ws.l(daddsub_clz.o)
    0x08000ee4   0x08000ee4   0x00000018   Code   RO          789    x$fpl$dcmpinf       fz_ws.l(dcmpi.o)
    0x08000efc   0x08000efc   0x000002b0   Code   RO          749    x$fpl$ddiv          fz_ws.l(ddiv.o)
    0x080011ac   0x080011ac   0x0000005a   Code   RO          752    x$fpl$dfixu         fz_ws.l(dfixu.o)
    0x08001206   0x08001206   0x00000026   Code   RO          756    x$fpl$dfltu         fz_ws.l(dflt_clz.o)
    0x0800122c   0x0800122c   0x00000078   Code   RO          767    x$fpl$dleqf         fz_ws.l(dleqf.o)
    0x080012a4   0x080012a4   0x00000154   Code   RO          762    x$fpl$dmul          fz_ws.l(dmul.o)
    0x080013f8   0x080013f8   0x0000009c   Code   RO          769    x$fpl$dnaninf       fz_ws.l(dnaninf.o)
    0x08001494   0x08001494   0x0000000c   Code   RO          771    x$fpl$dretinf       fz_ws.l(dretinf.o)
    0x080014a0   0x080014a0   0x0000006c   Code   RO          764    x$fpl$drleqf        fz_ws.l(drleqf.o)
    0x0800150c   0x0800150c   0x00000016   Code   RO          743    x$fpl$drsb          fz_ws.l(daddsub_clz.o)
    0x08001522   0x08001522   0x00000002   PAD
    0x08001524   0x08001524   0x000001d4   Code   RO          744    x$fpl$dsub          fz_ws.l(daddsub_clz.o)
    0x080016f8   0x080016f8   0x00000000   Code   RO          773    x$fpl$usenofp       fz_ws.l(usenofp.o)
    0x080016f8   0x080016f8   0x000000dc   Data   RO          285    .constdata          msg_drive.o
    0x080017d4   0x080017d4   0x00000020   Data   RO          928    Region$$Table       anon$$obj.o


    Execution Region ER_RW (Exec base: 0x20000000, Load base: 0x080017f4, Size: 0x00000030, Max: 0xffffffff, ABSOLUTE)

    Exec Addr    Load Addr    Size         Type   Attr      Idx    E Section Name        Object

    0x20000000   0x080017f4   0x00000030   Data   RW            7    .data               main.o


    Execution Region ER_ZI (Exec base: 0x20000030, Load base: 0x08001824, Size: 0x00000708, Max: 0xffffffff, ABSOLUTE)

    Exec Addr    Load Addr    Size         Type   Attr      Idx    E Section Name        Object

    0x20000030        -       0x000000a8   Zero   RW            6    .bss                main.o
    0x200000d8        -       0x00000060   Zero   RW          802    .bss                c_w.l(libspace.o)
    0x20000138        -       0x00000200   Zero   RW          682    HEAP                startup_stm32f10x_md.o
    0x20000338        -       0x00000400   Zero   RW          681    STACK               startup_stm32f10x_md.o


==============================================================================

Image component sizes


      Code (inc. data)   RO Data    RW Data    ZI Data      Debug   Object Name

       436         28          0          0          0       2334   adc_drive.o
       180         16          0          0          0        810   gp_drive.o
       164          0          0          0          0       2545   help_func.o
       260         54          0         48        168     208592   main.o
       256         22        220          0          0       2249   msg_drive.o
        64         26        236          0       1536        908   startup_stm32f10x_md.o
       328         28          0          0          0       2465   system_stm32f10x.o
       114         10          0          0          0       2079   systick_time.o
       160         18          0          0          0       2447   timer_drive.o
       890         66          0          0          0       4903   uart_drive.o

    ----------------------------------------------------------------------
      2862        268        488         48       1704     229332   Object Totals
         0          0         32          0          0          0   (incl. Generated)
        10          0          0          0          0          0   (incl. Padding)

    ----------------------------------------------------------------------

      Code (inc. data)   RO Data    RW Data    ZI Data      Debug   Library Member Name

         8          0          0          0          0         68   __main.o
         0          0          0          0          0          0   __rtentry.o
        12          0          0          0          0          0   __rtentry2.o
         6          0          0          0          0          0   __rtentry4.o
        52          8          0          0          0          0   __scatter.o
        26          0          0          0          0          0   __scatter_copy.o
        28          0          0          0          0          0   __scatter_zi.o
        18          0          0          0          0         80   exit.o
         6          0          0          0          0        152   heapauxi.o
         0          0          0          0          0          0   indicate_semi.o
         2          0          0          0          0          0   libinit.o
         2          0          0          0          0          0   libinit2.o
         2          0          0          0          0          0   libshutdown.o
         2          0          0          0          0          0   libshutdown2.o
         8          4          0          0         96         68   libspace.o
       100          0          0          0          0         80   rt_memcpy_w.o
         2          0          0          0          0          0   rtexit.o
        10          0          0          0          0          0   rtexit2.o
        12          4          0          0          0         68   sys_exit.o
        74          0          0          0          0         80   sys_stackheap_outer.o
         2          0          0          0          0         68   use_no_semi.o
       826         16          0          0          0        348   daddsub_clz.o
        24          0          0          0          0         68   dcmpi.o
       688        140          0          0          0        208   ddiv.o
        90          4          0          0          0         92   dfixu.o
        38          0          0          0          0         68   dflt_clz.o
       120          4          0          0          0         92   dleqf.o
       340         12          0          0          0        104   dmul.o
       156          4          0          0          0         92   dnaninf.o
        12          0          0          0          0         68   dretinf.o
       108          0          0          0          0         80   drleqf.o
         0          0          0          0          0          0   usenofp.o

    ----------------------------------------------------------------------
      2782        196          0          0         96       1884   Library Totals
         8          0          0          0          0          0   (incl. Padding)

    ----------------------------------------------------------------------

      Code (inc. data)   RO Data    RW Data    ZI Data      Debug   Library Name

       372         16          0          0         96        664   c_w.l
      2402        180          0          0          0       1220   fz_ws.l

    ----------------------------------------------------------------------
      2782        196          0          0         96       1884   Library Totals

    ----------------------------------------------------------------------

==============================================================================


      Code (inc. data)   RO Data    RW Data    ZI Data      Debug   

      5644        464        488         48       1800     228976   Grand Totals
      5644        464        488         48       1800     228976   ELF Image Totals
      5644        464        488         48          0          0   ROM Totals

==============================================================================

    Total RO  Size (Code + RO Data)                 6132 (   5.99kB)
    Total RW  Size (RW Data + ZI Data)              1848 (   1.80kB)
    Total ROM Size (Code + RO Data + RW Data)       6180 (   6.04kB)

==============================================================================

